Component: ARM Compiler 5.06 update 5 (build 528) Tool: armlink [4d35e2]

==============================================================================

Section Cross References

    system_stm32f10x.o(i.SetSysClock) refers to system_stm32f10x.o(i.SetSysClockTo72) for SetSysClockTo72
    system_stm32f10x.o(i.SystemCoreClockUpdate) refers to system_stm32f10x.o(.data) for SystemCoreClock
    system_stm32f10x.o(i.SystemInit) refers to system_stm32f10x.o(i.SetSysClock) for SetSysClock
    stm32f10x_adc.o(i.ADC_DeInit) refers to stm32f10x_rcc.o(i.RCC_APB2PeriphResetCmd) for RCC_APB2PeriphResetCmd
    stm32f10x_bkp.o(i.BKP_DeInit) refers to stm32f10x_rcc.o(i.RCC_BackupResetCmd) for RCC_BackupResetCmd
    stm32f10x_can.o(i.CAN_DeInit) refers to stm32f10x_rcc.o(i.RCC_APB1PeriphResetCmd) for RCC_APB1PeriphResetCmd
    stm32f10x_can.o(i.CAN_GetITStatus) refers to stm32f10x_can.o(i.CheckITStatus) for CheckITStatus
    stm32f10x_cec.o(i.CEC_DeInit) refers to stm32f10x_rcc.o(i.RCC_APB1PeriphResetCmd) for RCC_APB1PeriphResetCmd
    stm32f10x_dac.o(i.DAC_DeInit) refers to stm32f10x_rcc.o(i.RCC_APB1PeriphResetCmd) for RCC_APB1PeriphResetCmd
    stm32f10x_flash.o(i.FLASH_EnableWriteProtection) refers to stm32f10x_flash.o(i.FLASH_WaitForLastOperation) for FLASH_WaitForLastOperation
    stm32f10x_flash.o(i.FLASH_EraseAllBank1Pages) refers to stm32f10x_flash.o(i.FLASH_WaitForLastBank1Operation) for FLASH_WaitForLastBank1Operation
    stm32f10x_flash.o(i.FLASH_EraseAllPages) refers to stm32f10x_flash.o(i.FLASH_WaitForLastOperation) for FLASH_WaitForLastOperation
    stm32f10x_flash.o(i.FLASH_EraseOptionBytes) refers to stm32f10x_flash.o(i.FLASH_GetReadOutProtectionStatus) for FLASH_GetReadOutProtectionStatus
    stm32f10x_flash.o(i.FLASH_EraseOptionBytes) refers to stm32f10x_flash.o(i.FLASH_WaitForLastOperation) for FLASH_WaitForLastOperation
    stm32f10x_flash.o(i.FLASH_ErasePage) refers to stm32f10x_flash.o(i.FLASH_WaitForLastOperation) for FLASH_WaitForLastOperation
    stm32f10x_flash.o(i.FLASH_ProgramHalfWord) refers to stm32f10x_flash.o(i.FLASH_WaitForLastOperation) for FLASH_WaitForLastOperation
    stm32f10x_flash.o(i.FLASH_ProgramOptionByteData) refers to stm32f10x_flash.o(i.FLASH_WaitForLastOperation) for FLASH_WaitForLastOperation
    stm32f10x_flash.o(i.FLASH_ProgramWord) refers to stm32f10x_flash.o(i.FLASH_WaitForLastOperation) for FLASH_WaitForLastOperation
    stm32f10x_flash.o(i.FLASH_ReadOutProtection) refers to stm32f10x_flash.o(i.FLASH_WaitForLastOperation) for FLASH_WaitForLastOperation
    stm32f10x_flash.o(i.FLASH_UserOptionByteConfig) refers to stm32f10x_flash.o(i.FLASH_WaitForLastOperation) for FLASH_WaitForLastOperation
    stm32f10x_flash.o(i.FLASH_WaitForLastBank1Operation) refers to stm32f10x_flash.o(i.FLASH_GetBank1Status) for FLASH_GetBank1Status
    stm32f10x_flash.o(i.FLASH_WaitForLastOperation) refers to stm32f10x_flash.o(i.FLASH_GetBank1Status) for FLASH_GetBank1Status
    stm32f10x_gpio.o(i.GPIO_AFIODeInit) refers to stm32f10x_rcc.o(i.RCC_APB2PeriphResetCmd) for RCC_APB2PeriphResetCmd
    stm32f10x_gpio.o(i.GPIO_DeInit) refers to stm32f10x_rcc.o(i.RCC_APB2PeriphResetCmd) for RCC_APB2PeriphResetCmd
    stm32f10x_i2c.o(i.I2C_DeInit) refers to stm32f10x_rcc.o(i.RCC_APB1PeriphResetCmd) for RCC_APB1PeriphResetCmd
    stm32f10x_i2c.o(i.I2C_Init) refers to stm32f10x_rcc.o(i.RCC_GetClocksFreq) for RCC_GetClocksFreq
    stm32f10x_pwr.o(i.PWR_DeInit) refers to stm32f10x_rcc.o(i.RCC_APB1PeriphResetCmd) for RCC_APB1PeriphResetCmd
    stm32f10x_rcc.o(i.RCC_GetClocksFreq) refers to stm32f10x_rcc.o(.data) for APBAHBPrescTable
    stm32f10x_rcc.o(i.RCC_WaitForHSEStartUp) refers to stm32f10x_rcc.o(i.RCC_GetFlagStatus) for RCC_GetFlagStatus
    stm32f10x_rtc.o(i.RTC_SetAlarm) refers to stm32f10x_rtc.o(i.RTC_EnterConfigMode) for RTC_EnterConfigMode
    stm32f10x_rtc.o(i.RTC_SetAlarm) refers to stm32f10x_rtc.o(i.RTC_ExitConfigMode) for RTC_ExitConfigMode
    stm32f10x_rtc.o(i.RTC_SetCounter) refers to stm32f10x_rtc.o(i.RTC_EnterConfigMode) for RTC_EnterConfigMode
    stm32f10x_rtc.o(i.RTC_SetCounter) refers to stm32f10x_rtc.o(i.RTC_ExitConfigMode) for RTC_ExitConfigMode
    stm32f10x_rtc.o(i.RTC_SetPrescaler) refers to stm32f10x_rtc.o(i.RTC_EnterConfigMode) for RTC_EnterConfigMode
    stm32f10x_rtc.o(i.RTC_SetPrescaler) refers to stm32f10x_rtc.o(i.RTC_ExitConfigMode) for RTC_ExitConfigMode
    stm32f10x_spi.o(i.I2S_Init) refers to stm32f10x_rcc.o(i.RCC_GetClocksFreq) for RCC_GetClocksFreq
    stm32f10x_spi.o(i.SPI_I2S_DeInit) refers to stm32f10x_rcc.o(i.RCC_APB2PeriphResetCmd) for RCC_APB2PeriphResetCmd
    stm32f10x_spi.o(i.SPI_I2S_DeInit) refers to stm32f10x_rcc.o(i.RCC_APB1PeriphResetCmd) for RCC_APB1PeriphResetCmd
    stm32f10x_tim.o(i.TIM_DeInit) refers to stm32f10x_rcc.o(i.RCC_APB2PeriphResetCmd) for RCC_APB2PeriphResetCmd
    stm32f10x_tim.o(i.TIM_DeInit) refers to stm32f10x_rcc.o(i.RCC_APB1PeriphResetCmd) for RCC_APB1PeriphResetCmd
[...]
    ../clib/armsys.c                         0x00000000   Number         0  _get_argv_nomalloc.o ABSOLUTE
    ../clib/armsys.c                         0x00000000   Number         0  no_argv.o ABSOLUTE
    ../clib/armsys.c                         0x00000000   Number         0  argv_veneer.o ABSOLUTE
    ../clib/heapalloc.c                      0x00000000   Number         0  hrguard.o ABSOLUTE
    ../clib/heapaux.c                        0x00000000   Number         0  heapauxi.o ABSOLUTE
    ../clib/libinit.s                        0x00000000   Number         0  libinit.o ABSOLUTE
    ../clib/libinit.s                        0x00000000   Number         0  libinit2.o ABSOLUTE
    ../clib/libinit.s                        0x00000000   Number         0  libshutdown.o ABSOLUTE
    ../clib/libinit.s                        0x00000000   Number         0  libshutdown2.o ABSOLUTE
    ../clib/memcpset.s                       0x00000000   Number         0  rt_memclr_w.o ABSOLUTE
    ../clib/misc.s                           0x00000000   Number         0  printf_stubs.o ABSOLUTE
    ../clib/printf.c                         0x00000000   Number         0  __printf_ss.o ABSOLUTE
    ../clib/printf.c                         0x00000000   Number         0  __printf_flags.o ABSOLUTE
    ../clib/printf.c                         0x00000000   Number         0  _printf_dec.o ABSOLUTE
    ../clib/printf.c                         0x00000000   Number         0  __printf_flags_wp.o ABSOLUTE
    ../clib/printf.c                         0x00000000   Number         0  _printf_pad.o ABSOLUTE
    ../clib/printf.c                         0x00000000   Number         0  __printf.o ABSOLUTE
    ../clib/printf.c                         0x00000000   Number         0  _printf_char_common.o ABSOLUTE
    ../clib/printf.c                         0x00000000   Number         0  _printf_intcommon.o ABSOLUTE
    ../clib/printf.c                         0x00000000   Number         0  noretval__2sprintf.o ABSOLUTE
    ../clib/printf.c                         0x00000000   Number         0  _sputc.o ABSOLUTE
    ../clib/printf.c                         0x00000000   Number         0  __2sprintf.o ABSOLUTE
    ../clib/printf.c                         0x00000000   Number         0  __printf_nopercent.o ABSOLUTE
    ../clib/printf.c                         0x00000000   Number         0  __printf_flags_ss_wp.o ABSOLUTE
    ../clib/printf.c                         0x00000000   Number         0  __printf_ss_wp.o ABSOLUTE
    ../clib/printf.c                         0x00000000   Number         0  __printf_wp.o ABSOLUTE
    ../clib/printf.c                         0x00000000   Number         0  __printf_flags_ss.o ABSOLUTE
    ../clib/printf_percent.s                 0x00000000   Number         0  _printf_percent_end.o ABSOLUTE
    ../clib/printf_percent.s                 0x00000000   Number         0  _printf_percent.o ABSOLUTE
    ../clib/printf_percent.s                 0x00000000   Number         0  _printf_d.o ABSOLUTE
    ../clib/signal.c                         0x00000000   Number         0  defsig_rtmem_inner.o ABSOLUTE
    ../clib/signal.c                         0x00000000   Number         0  defsig_other.o ABSOLUTE
    ../clib/signal.c                         0x00000000   Number         0  defsig_segv_inner.o ABSOLUTE
    ../clib/signal.c                         0x00000000   Number         0  defsig_cppl_inner.o ABSOLUTE
    ../clib/signal.c                         0x00000000   Number         0  defsig_pvfn_inner.o ABSOLUTE
    ../clib/signal.c                         0x00000000   Number         0  __raise.o ABSOLUTE
    ../clib/signal.c                         0x00000000   Number         0  defsig_abrt_inner.o ABSOLUTE
    ../clib/signal.c                         0x00000000   Number         0  defsig_general.o ABSOLUTE
    ../clib/signal.c                         0x00000000   Number         0  defsig_stak_inner.o ABSOLUTE
    ../clib/signal.c                         0x00000000   Number         0  defsig_rtred_inner.o ABSOLUTE
    ../clib/signal.c                         0x00000000   Number         0  defsig_fpe_inner.o ABSOLUTE
    ../clib/signal.c                         0x00000000   Number         0  defsig_rtmem_outer.o ABSOLUTE
    ../clib/signal.c                         0x00000000   Number         0  defsig_rtmem_formal.o ABSOLUTE
    ../clib/signal.c                         0x00000000   Number         0  defsig_exit.o ABSOLUTE
    ../clib/signal.s                         0x00000000   Number         0  defsig.o ABSOLUTE
    ../clib/stdlib.c                         0x00000000   Number         0  exit.o ABSOLUTE
    ../fplib/faddsub.s                       0x00000000   Number         0  faddsub_clz.o ABSOLUTE
    ../fplib/fcmpi.s                         0x00000000   Number         0  fcmpi.o ABSOLUTE
    ../fplib/fdiv.s                          0x00000000   Number         0  fdiv.o ABSOLUTE
    ../fplib/ffixu.s                         0x00000000   Number         0  ffixu.o ABSOLUTE
    ../fplib/fflt.s                          0x00000000   Number         0  fflt_clz.o ABSOLUTE
    ../fplib/fleqf.s                         0x00000000   Number         0  fleqf.o ABSOLUTE
    ../fplib/fmul.s                          0x00000000   Number         0  fmul.o ABSOLUTE
    ../fplib/fnaninf.s                       0x00000000   Number         0  fnaninf.o ABSOLUTE
    ../fplib/fpinit.s                        0x00000000   Number         0  fpinit.o ABSOLUTE
    ../fplib/fretinf.s                       0x00000000   Number         0  fretinf.o ABSOLUTE
    ../fplib/frleqf.s                        0x00000000   Number         0  frleqf.o ABSOLUTE
    ../fplib/usenofp.s                       0x00000000   Number         0  usenofp.o ABSOLUTE
    CMSIS\\core_cm3.c                        0x00000000   Number         0  core_cm3.o ABSOLUTE
    CMSIS\core_cm3.c                         0x00000000   Number         0  core_cm3.o ABSOLUTE
    CMSIS\system_stm32f10x.c                 0x00000000   Number         0  system_stm32f10x.o ABSOLUTE
    EncoderFile\\sys\\sys.c                  0x00000000   Number         0  sys.o ABSOLUTE
    EncoderFile\sys\sys.c                    0x00000000   Number         0  sys.o ABSOLUTE
    Lib\src\misc.c                           0x00000000   Number         0  misc.o ABSOLUTE
    Lib\src\stm32f10x_adc.c                  0x00000000   Number         0  stm32f10x_adc.o ABSOLUTE
    Lib\src\stm32f10x_bkp.c                  0x00000000   Number         0  stm32f10x_bkp.o ABSOLUTE
    Lib\src\stm32f10x_can.c                  0x00000000   Number         0  stm32f10x_can.o ABSOLUTE
    Lib\src\stm32f10x_cec.c                  0x00000000   Number         0  stm32f10x_cec.o ABSOLUTE
    Lib\src\stm32f10x_crc.c                  0x00000000   Number         0  stm32f10x_crc.o ABSOLUTE
    Lib\src\stm32f10x_dac.c                  0x00000000   Number         0  stm32f10x_dac.o ABSOLUTE
    Lib\src\stm32f10x_dbgmcu.c               0x00000000   Number         0  stm32f10x_dbgmcu.o ABSOLUTE
    Lib\src\stm32f10x_dma.c                  0x00000000   Number         0  stm32f10x_dma.o ABSOLUTE
    Lib\src\stm32f10x_exti.c                 0x00000000   Number         0  stm32f10x_exti.o ABSOLUTE
    Lib\src\stm32f10x_flash.c                0x00000000   Number         0  stm32f10x_flash.o ABSOLUTE
    Lib\src\stm32f10x_fsmc.c                 0x00000000   Number         0  stm32f10x_fsmc.o ABSOLUTE
    Lib\src\stm32f10x_gpio.c                 0x00000000   Number         0  stm32f10x_gpio.o ABSOLUTE
    Lib\src\stm32f10x_i2c.c                  0x00000000   Number         0  stm32f10x_i2c.o ABSOLUTE
    Lib\src\stm32f10x_iwdg.c                 0x00000000   Number         0  stm32f10x_iwdg.o ABSOLUTE
    Lib\src\stm32f10x_pwr.c                  0x00000000   Number         0  stm32f10x_pwr.o ABSOLUTE
    Lib\src\stm32f10x_rcc.c                  0x00000000   Number         0  stm32f10x_rcc.o ABSOLUTE
    Lib\src\stm32f10x_rtc.c                  0x00000000   Number         0  stm32f10x_rtc.o ABSOLUTE
    Lib\src\stm32f10x_sdio.c                 0x00000000   Number         0  stm32f10x_sdio.o ABSOLUTE
    Lib\src\stm32f10x_spi.c                  0x00000000   Number         0  stm32f10x_spi.o ABSOLUTE
    Lib\src\stm32f10x_tim.c                  0x00000000   Number         0  stm32f10x_tim.o ABSOLUTE
    Lib\src\stm32f10x_usart.c                0x00000000   Number         0  stm32f10x_usart.o ABSOLUTE
    Lib\src\stm32f10x_wwdg.c                 0x00000000   Number         0  stm32f10x_wwdg.o ABSOLUTE
    OLED\oled.c                              0x00000000   Number         0  oled.o ABSOLUTE
    Others\Delay\Delay.c                     0x00000000   Number         0  delay.o ABSOLUTE
    Others\Exti\Exti.c                       0x00000000   Number         0  exti.o ABSOLUTE
    Others\Led\Led.c                         0x00000000   Number         0  led.o ABSOLUTE
    Others\Pwm\Pwm.c                         0x00000000   Number         0  pwm.o ABSOLUTE
    Others\dht11\dht11.c                     0x00000000   Number         0  dht11.o ABSOLUTE
    Others\ty_key\Hal_Key.c                  0x00000000   Number         0  hal_key.o ABSOLUTE
    Others\ty_rgb\Hal_RGB.c                  0x00000000   Number         0  hal_rgb.o ABSOLUTE
    Others\ty_uart\ty_uart.c                 0x00000000   Number         0  ty_uart.o ABSOLUTE
    Others\user_timer\User_Timer.c           0x00000000   Number         0  user_timer.o ABSOLUTE
    Startup\startup_stm32f10x_hd.s           0x00000000   Number         0  startup_stm32f10x_hd.o ABSOLUTE
    User\main.c                              0x00000000   Number         0  main.o ABSOLUTE
    User\stm32f10x_it.c                      0x00000000   Number         0  stm32f10x_it.o ABSOLUTE
    dc.s                                     0x00000000   Number         0  dc.o ABSOLUTE
    mcu_sdk\mcu_api.c                        0x00000000   Number         0  mcu_api.o ABSOLUTE
    mcu_sdk\protocol.c                       0x00000000   Number         0  protocol.o ABSOLUTE
    mcu_sdk\system.c                         0x00000000   Number         0  system_1.o ABSOLUTE
    sht30\i2c_hal.c                          0x00000000   Number         0  i2c_hal.o ABSOLUTE
    sht30\sht3x.c                            0x00000000   Number         0  sht3x.o ABSOLUTE
    sht30\system.c                           0x00000000   Number         0  system.o ABSOLUTE
    RESET                                    0x08000000   Section      304  startup_stm32f10x_hd.o(RESET)
    !!!main                                  0x08000130   Section        8  __main.o(!!!main)
    !!!scatter                               0x08000138   Section       52  __scatter.o(!!!scatter)
    !!handler_copy                           0x0800016c   Section       26  __scatter_copy.o(!!handler_copy)
    !!handler_zi                             0x08000188   Section       28  __scatter_zi.o(!!handler_zi)
    .ARM.Collect$$_printf_percent$$00000000  0x080001a4   Section        0  _printf_percent.o(.ARM.Collect$$_printf_percent$$00000000)
    .ARM.Collect$$_printf_percent$$00000009  0x080001a4   Section        6  _printf_d.o(.ARM.Collect$$_printf_percent$$00000009)
    .ARM.Collect$$_printf_percent$$00000017  0x080001aa   Section        4  _printf_percent_end.o(.ARM.Collect$$_printf_percent$$00000017)
    .ARM.Collect$$libinit$$00000000          0x080001ae   Section        2  libinit.o(.ARM.Collect$$libinit$$00000000)
    .ARM.Collect$$libinit$$00000002          0x080001b0   Section        0  libinit2.o(.ARM.Collect$$libinit$$00000002)
    .ARM.Collect$$libinit$$00000004          0x080001b0   Section        0  libinit2.o(.ARM.Collect$$libinit$$00000004)
    .ARM.Collect$$libinit$$0000000A          0x080001b0   Section        0  libinit2.o(.ARM.Collect$$libinit$$0000000A)
    .ARM.Collect$$libinit$$0000000C          0x080001b0   Section        0  libinit2.o(.ARM.Collect$$libinit$$0000000C)
    .ARM.Collect$$libinit$$0000000E          0x080001b0   Section        0  libinit2.o(.ARM.Collect$$libinit$$0000000E)
    .ARM.Collect$$libinit$$00000011          0x080001b0   Section        0  libinit2.o(.ARM.Collect$$libinit$$00000011)
    .ARM.Collect$$libinit$$00000013          0x080001b0   Section        0  libinit2.o(.ARM.Collect$$libinit$$00000013)
    .ARM.Collect$$libinit$$00000015          0x080001b0   Section        0  libinit2.o(.ARM.Collect$$libinit$$00000015)
    .ARM.Collect$$libinit$$00000017          0x080001b0   Section        0  libinit2.o(.ARM.Collect$$libinit$$00000017)
    .ARM.Collect$$libinit$$00000019          0x080001b0   Section        0  libinit2.o(.ARM.Collect$$libinit$$00000019)
    .ARM.Collect$$libinit$$0000001B          0x080001b0   Section        0  libinit2.o(.ARM.Collect$$libinit$$0000001B)
    .ARM.Collect$$libinit$$0000001D          0x080001b0   Section        0  libinit2.o(.ARM.Collect$$libinit$$0000001D)
    .ARM.Collect$$libinit$$0000001F          0x080001b0   Section        0  libinit2.o(.ARM.Collect$$libinit$$0000001F)
    .ARM.Collect$$libinit$$00000021          0x080001b0   Section        0  libinit2.o(.ARM.Collect$$libinit$$00000021)
    .ARM.Collect$$libinit$$00000023          0x080001b0   Section        0  libinit2.o(.ARM.Collect$$libinit$$00000023)
    .ARM.Collect$$libinit$$00000025          0x080001b0   Section        0  libinit2.o(.ARM.Collect$$libinit$$00000025)
    .ARM.Collect$$libinit$$0000002C          0x080001b0   Section        0  libinit2.o(.ARM.Collect$$libinit$$0000002C)
    .ARM.Collect$$libinit$$0000002E          0x080001b0   Section        0  libinit2.o(.ARM.Collect$$libinit$$0000002E)
    .ARM.Collect$$libinit$$00000030          0x080001b0   Section        0  libinit2.o(.ARM.Collect$$libinit$$00000030)
    .ARM.Collect$$libinit$$00000032          0x080001b0   Section        0  libinit2.o(.ARM.Collect$$libinit$$00000032)
    .ARM.Collect$$libinit$$00000033          0x080001b0   Section        2  libinit2.o(.ARM.Collect$$libinit$$00000033)
    .ARM.Collect$$libshutdown$$00000000      0x080001b2   Section        2  libshutdown.o(.ARM.Collect$$libshutdown$$00000000)
    .ARM.Collect$$libshutdown$$00000002      0x080001b4   Section        0  libshutdown2.o(.ARM.Collect$$libshutdown$$00000002)
    .ARM.Collect$$libshutdown$$00000004      0x080001b4   Section        0  libshutdown2.o(.ARM.Collect$$libshutdown$$00000004)
    .ARM.Collect$$libshutdown$$00000007      0x080001b4   Section        0  libshutdown2.o(.ARM.Collect$$libshutdown$$00000007)
    .ARM.Collect$$libshutdown$$0000000A      0x080001b4   Section        0  libshutdown2.o(.ARM.Collect$$libshutdown$$0000000A)
    .ARM.Collect$$libshutdown$$0000000C      0x080001b4   Section        0  libshutdown2.o(.ARM.Collect$$libshutdown$$0000000C)
    .ARM.Collect$$libshutdown$$0000000F      0x080001b4   Section        0  libshutdown2.o(.ARM.Collect$$libshutdown$$0000000F)
    .ARM.Collect$$libshutdown$$00000010      0x080001b4   Section        2  libshutdown2.o(.ARM.Collect$$libshutdown$$00000010)
    .ARM.Collect$$rtentry$$00000000          0x080001b6   Section        0  __rtentry.o(.ARM.Collect$$rtentry$$00000000)
    .ARM.Collect$$rtentry$$00000002          0x080001b6   Section        0  __rtentry2.o(.ARM.Collect$$rtentry$$00000002)
    .ARM.Collect$$rtentry$$00000004          0x080001b6   Section        6  __rtentry4.o(.ARM.Collect$$rtentry$$00000004)
    .ARM.Collect$$rtentry$$00000009          0x080001bc   Section        0  __rtentry2.o(.ARM.Collect$$rtentry$$00000009)
    .ARM.Collect$$rtentry$$0000000A          0x080001bc   Section        4  __rtentry2.o(.ARM.Collect$$rtentry$$0000000A)
    .ARM.Collect$$rtentry$$0000000C          0x080001c0   Section        0  __rtentry2.o(.ARM.Collect$$rtentry$$0000000C)
    .ARM.Collect$$rtentry$$0000000D          0x080001c0   Section        8  __rtentry2.o(.ARM.Collect$$rtentry$$0000000D)
    .ARM.Collect$$rtexit$$00000000           0x080001c8   Section        2  rtexit.o(.ARM.Collect$$rtexit$$00000000)
    .ARM.Collect$$rtexit$$00000002           0x080001ca   Section        0  rtexit2.o(.ARM.Collect$$rtexit$$00000002)
    .ARM.Collect$$rtexit$$00000003           0x080001ca   Section        4  rtexit2.o(.ARM.Collect$$rtexit$$00000003)
    .ARM.Collect$$rtexit$$00000004           0x080001ce   Section        6  rtexit2.o(.ARM.Collect$$rtexit$$00000004)
    .text                                    0x080001d4   Section       64  startup_stm32f10x_hd.o(.text)
    .text                                    0x08000214   Section        0  noretval__2sprintf.o(.text)
    .text                                    0x0800023c   Section        0  _printf_pad.o(.text)
    .text                                    0x0800028c   Section        0  _printf_dec.o(.text)
    .text                                    0x08000304   Section        0  __printf_wp.o(.text)
    .text                                    0x08000412   Section       78  rt_memclr_w.o(.text)
    .text                                    0x08000460   Section        0  heapauxi.o(.text)
    .text                                    0x08000466   Section        0  _printf_intcommon.o(.text)
    .text                                    0x08000518   Section        0  _printf_char_common.o(.text)
    _printf_input_char                       0x08000519   Thumb Code    10  _printf_char_common.o(.text)
    .text                                    0x08000548   Section        0  _sputc.o(.text)
    .text                                    0x08000552   Section       74  sys_stackheap_outer.o(.text)
    .text                                    0x0800059c   Section        0  exit.o(.text)
    .text                                    0x080005b0   Section        8  libspace.o(.text)
    .text                                    0x080005b8   Section        0  sys_exit.o(.text)
    .text                                    0x080005c4   Section        2  use_no_semi.o(.text)
    .text                                    0x080005c6   Section        0  indicate_semi.o(.text)
    i.BusFault_Handler                       0x080005c6   Section        0  stm32f10x_it.o(i.BusFault_Handler)
    i.DHT11_Check                            0x080005cc   Section        0  dht11.o(i.DHT11_Check)
    i.DHT11_IO_IN                            0x0800061c   Section        0  dht11.o(i.DHT11_IO_IN)
    i.DHT11_IO_OUT                           0x08000640   Section        0  dht11.o(i.DHT11_IO_OUT)
    i.DHT11_Init                             0x08000664   Section        0  dht11.o(i.DHT11_Init)
    i.DHT11_Read_Bit                         0x08000698   Section        0  dht11.o(i.DHT11_Read_Bit)
    i.DHT11_Read_Byte                        0x080006e4   Section        0  dht11.o(i.DHT11_Read_Byte)
    i.DHT11_Read_Data                        0x08000702   Section        0  dht11.o(i.DHT11_Read_Data)
    i.DHT11_Rst                              0x0800075c   Section        0  dht11.o(i.DHT11_Rst)
    i.DebugMon_Handler                       0x08000788   Section        0  stm32f10x_it.o(i.DebugMon_Handler)
    i.EXTI9_5_IRQHandler                     0x0800078a   Section        0  stm32f10x_it.o(i.EXTI9_5_IRQHandler)
    i.GPIO_Init                              0x0800078c   Section        0  stm32f10x_gpio.o(i.GPIO_Init)
    i.GPIO_ReadInputDataBit                  0x080008a2   Section        0  stm32f10x_gpio.o(i.GPIO_ReadInputDataBit)
    i.GPIO_ResetBits                         0x080008b4   Section        0  stm32f10x_gpio.o(i.GPIO_ResetBits)
    i.GPIO_SetBits                           0x080008b8   Section        0  stm32f10x_gpio.o(i.GPIO_SetBits)
    i.Get_Count_Value                        0x080008bc   Section        0  user_timer.o(i.Get_Count_Value)
    i.Get_Key                                0x080008c8   Section        0  hal_key.o(i.Get_Key)
    Get_Key                                  0x080008c9   Thumb Code    40  hal_key.o(i.Get_Key)
    i.Get_Key_Press_Time                     0x080008f4   Section        0  hal_key.o(i.Get_Key_Press_Time)
    Get_Key_Press_Time                       0x080008f5   Thumb Code    26  hal_key.o(i.Get_Key_Press_Time)
    i.Get_Time3_Value                        0x08000910   Section        0  user_timer.o(i.Get_Time3_Value)
    i.HardFault_Handler                      0x0800091c   Section        0  stm32f10x_it.o(i.HardFault_Handler)
    i.KEY_Init                               0x08000920   Section        0  hal_key.o(i.KEY_Init)
    i.Key1_LongPress_Handle                  0x08000990   Section        0  hal_key.o(i.Key1_LongPress_Handle)
    Key1_LongPress_Handle                    0x08000991   Thumb Code     8  hal_key.o(i.Key1_LongPress_Handle)
    i.Key1_ShortPress_Handle                 0x08000998   Section        0  hal_key.o(i.Key1_ShortPress_Handle)
    Key1_ShortPress_Handle                   0x08000999   Thumb Code   174  hal_key.o(i.Key1_ShortPress_Handle)
    i.Key2_LongPress_Handle                  0x08000a50   Section        0  hal_key.o(i.Key2_LongPress_Handle)
    Key2_LongPress_Handle                    0x08000a51   Thumb Code   160  hal_key.o(i.Key2_LongPress_Handle)
    i.Key2_ShortPress_Handle                 0x08000af4   Section        0  hal_key.o(i.Key2_ShortPress_Handle)
    Key2_ShortPress_Handle                   0x08000af5   Thumb Code     2  hal_key.o(i.Key2_ShortPress_Handle)
    i.Key_Scan                               0x08000af8   Section        0  hal_key.o(i.Key_Scan)
    i.LED_Control                            0x08000c44   Section        0  hal_rgb.o(i.LED_Control)
    i.LED_RGB_Control                        0x08000ca4   Section        0  hal_rgb.o(i.LED_RGB_Control)
    i.MemManage_Handler                      0x08000d3c   Section        0  stm32f10x_it.o(i.MemManage_Handler)
    i.NMI_Handler                            0x08000d40   Section        0  stm32f10x_it.o(i.NMI_Handler)
    i.NVIC_Init                              0x08000d44   Section        0  misc.o(i.NVIC_Init)
    i.OLED_Clear                             0x08000db4   Section        0  oled.o(i.OLED_Clear)
    i.OLED_ClearPoint                        0x08000de4   Section        0  oled.o(i.OLED_ClearPoint)
    i.OLED_ColorTurn                         0x08000e44   Section        0  oled.o(i.OLED_ColorTurn)
    i.OLED_DisplayTurn                       0x08000e60   Section        0  oled.o(i.OLED_DisplayTurn)
    i.OLED_DrawPoint                         0x08000e8c   Section        0  oled.o(i.OLED_DrawPoint)
    i.OLED_Init                              0x08000ec8   Section        0  oled.o(i.OLED_Init)
    i.OLED_Refresh                           0x08001020   Section        0  oled.o(i.OLED_Refresh)
    i.OLED_ShowChar                          0x0800106c   Section        0  oled.o(i.OLED_ShowChar)
    i.OLED_ShowString                        0x08001168   Section        0  oled.o(i.OLED_ShowString)
    i.OLED_WR_Byte                           0x080011ac   Section        0  oled.o(i.OLED_WR_Byte)
    i.PendSV_Handler                         0x0800122c   Section        0  stm32f10x_it.o(i.PendSV_Handler)
    i.RCC_APB1PeriphClockCmd                 0x08001230   Section        0  stm32f10x_rcc.o(i.RCC_APB1PeriphClockCmd)
    i.RCC_APB1PeriphResetCmd                 0x08001250   Section        0  stm32f10x_rcc.o(i.RCC_APB1PeriphResetCmd)
    i.RCC_APB2PeriphClockCmd                 0x08001270   Section        0  stm32f10x_rcc.o(i.RCC_APB2PeriphClockCmd)
    i.RCC_APB2PeriphResetCmd                 0x08001290   Section        0  stm32f10x_rcc.o(i.RCC_APB2PeriphResetCmd)
    i.RCC_GetClocksFreq                      0x080012b0   Section        0  stm32f10x_rcc.o(i.RCC_GetClocksFreq)
    i.RGB_LED_Init                           0x08001384   Section        0  hal_rgb.o(i.RGB_LED_Init)
    i.RGB_Power_Control                      0x08001414   Section        0  hal_rgb.o(i.RGB_Power_Control)
    i.RGB_Value_Set                          0x080014b0   Section        0  hal_rgb.o(i.RGB_Value_Set)
    i.SVC_Handler                            0x08001564   Section        0  stm32f10x_it.o(i.SVC_Handler)
    i.SetSysClock                            0x08001566   Section        0  system_stm32f10x.o(i.SetSysClock)
    SetSysClock                              0x08001567   Thumb Code     8  system_stm32f10x.o(i.SetSysClock)
    i.SetSysClockTo72                        0x08001570   Section        0  system_stm32f10x.o(i.SetSysClockTo72)
    SetSysClockTo72                          0x08001571   Thumb Code   214  system_stm32f10x.o(i.SetSysClockTo72)
    i.SysTick_Handler                        0x08001650   Section        0  stm32f10x_it.o(i.SysTick_Handler)
    i.SystemInit                             0x08001658   Section        0  system_stm32f10x.o(i.SystemInit)
    i.TIM2_Count_Init                        0x080016b8   Section        0  user_timer.o(i.TIM2_Count_Init)
    i.TIM2_IRQHandler                        0x08001730   Section        0  user_timer.o(i.TIM2_IRQHandler)
    i.TIM3_Count_Init                        0x08001758   Section        0  user_timer.o(i.TIM3_Count_Init)
    i.TIM3_IRQHandler                        0x080017d8   Section        0  user_timer.o(i.TIM3_IRQHandler)
    i.TIM_ClearFlag                          0x0800182c   Section        0  stm32f10x_tim.o(i.TIM_ClearFlag)
    i.TIM_ClearITPendingBit                  0x08001832   Section        0  stm32f10x_tim.o(i.TIM_ClearITPendingBit)
    i.TIM_Cmd                                0x08001838   Section        0  stm32f10x_tim.o(i.TIM_Cmd)
    i.TIM_DeInit                             0x08001850   Section        0  stm32f10x_tim.o(i.TIM_DeInit)
    i.TIM_GetITStatus                        0x08001a38   Section        0  stm32f10x_tim.o(i.TIM_GetITStatus)
    i.TIM_ITConfig                           0x08001a5a   Section        0  stm32f10x_tim.o(i.TIM_ITConfig)
    i.TIM_TimeBaseInit                       0x08001a6c   Section        0  stm32f10x_tim.o(i.TIM_TimeBaseInit)
    i.USART1_IRQHandler                      0x08001b10   Section        0  ty_uart.o(i.USART1_IRQHandler)
    i.USART1_Init                            0x08001b2c   Section        0  ty_uart.o(i.USART1_Init)
    i.USART3_IRQHandler                      0x08001bf8   Section        0  ty_uart.o(i.USART3_IRQHandler)
    i.USART3_Init                            0x08001c1c   Section        0  ty_uart.o(i.USART3_Init)
    i.USART_ClearFlag                        0x08001ce8   Section        0  stm32f10x_usart.o(i.USART_ClearFlag)
    i.USART_Cmd                              0x08001cfa   Section        0  stm32f10x_usart.o(i.USART_Cmd)
    i.USART_GetFlagStatus                    0x08001d12   Section        0  stm32f10x_usart.o(i.USART_GetFlagStatus)
    i.USART_GetITStatus                      0x08001d2c   Section        0  stm32f10x_usart.o(i.USART_GetITStatus)
    i.USART_ITConfig                         0x08001d80   Section        0  stm32f10x_usart.o(i.USART_ITConfig)
    i.USART_Init                             0x08001dcc   Section        0  stm32f10x_usart.o(i.USART_Init)
    i.USART_ReceiveData                      0x08001ea4   Section        0  stm32f10x_usart.o(i.USART_ReceiveData)
    i.USART_SendData                         0x08001eae   Section        0  stm32f10x_usart.o(i.USART_SendData)
    i.Uart_PutChar                           0x08001eb8   Section        0  ty_uart.o(i.Uart_PutChar)
    i.UsageFault_Handler                     0x08001ed8   Section        0  stm32f10x_it.o(i.UsageFault_Handler)
    i._is_digit                              0x08001edc   Section        0  __printf_wp.o(i._is_digit)
    i.all_data_update                        0x08001eec   Section        0  protocol.o(i.all_data_update)
    i.data_handle                            0x08001f14   Section        0  system_1.o(i.data_handle)
    i.data_point_handle                      0x08001ff8   Section        0  system_1.o(i.data_point_handle)
    data_point_handle                        0x08001ff9   Thumb Code    70  system_1.o(i.data_point_handle)
    i.delay_ms                               0x08002044   Section        0  delay.o(i.delay_ms)
    i.delay_us                               0x08002060   Section        0  delay.o(i.delay_us)
    i.dp_download_handle                     0x080020d8   Section        0  protocol.o(i.dp_download_handle)
    i.get_check_sum                          0x080020e2   Section        0  system_1.o(i.get_check_sum)
    i.get_dowmload_dpid_index                0x08002100   Section        0  system_1.o(i.get_dowmload_dpid_index)
    get_dowmload_dpid_index                  0x08002101   Thumb Code    40  system_1.o(i.get_dowmload_dpid_index)
    i.get_download_cmd_total                 0x0800212c   Section        0  protocol.o(i.get_download_cmd_total)
    i.get_mcu_wifi_mode                      0x08002130   Section        0  system_1.o(i.get_mcu_wifi_mode)
    get_mcu_wifi_mode                        0x08002131   Thumb Code    16  system_1.o(i.get_mcu_wifi_mode)
    i.heat_beat_check                        0x08002140   Section        0  system_1.o(i.heat_beat_check)
    heat_beat_check                          0x08002141   Thumb Code    50  system_1.o(i.heat_beat_check)
    i.hex_to_bcd                             0x08002178   Section        0  mcu_api.o(i.hex_to_bcd)
    i.main                                   0x080021e4   Section        0  main.o(i.main)
    i.mcu_dp_value_update                    0x080022ec   Section        0  mcu_api.o(i.mcu_dp_value_update)
    i.mcu_get_wifi_work_state                0x08002364   Section        0  mcu_api.o(i.mcu_get_wifi_work_state)
    i.mcu_reset_wifi                         0x08002370   Section        0  mcu_api.o(i.mcu_reset_wifi)
    i.mcu_start_wifitest                     0x08002388   Section        0  mcu_api.o(i.mcu_start_wifitest)
    i.my_memcpy                              0x08002396   Section        0  mcu_api.o(i.my_memcpy)
    i.my_strlen                              0x080023da   Section        0  mcu_api.o(i.my_strlen)
    i.product_info_update                    0x080023f8   Section        0  system_1.o(i.product_info_update)
    product_info_update                      0x080023f9   Thumb Code   164  system_1.o(i.product_info_update)
    i.set_wifi_uart_buffer                   0x080024d8   Section        0  system_1.o(i.set_wifi_uart_buffer)
    i.set_wifi_uart_byte                     0x08002500   Section        0  system_1.o(i.set_wifi_uart_byte)
    i.take_byte_rxbuff                       0x08002510   Section        0  system_1.o(i.take_byte_rxbuff)
    i.ticking_decrement                      0x0800254c   Section        0  delay.o(i.ticking_decrement)
    i.uart_receive_input                     0x08002564   Section        0  mcu_api.o(i.uart_receive_input)
    i.uart_transmit_output                   0x080025bc   Section        0  protocol.o(i.uart_transmit_output)
    i.wifi_protocol_init                     0x080025c8   Section        0  mcu_api.o(i.wifi_protocol_init)
    i.wifi_test_result                       0x080025f4   Section        0  protocol.o(i.wifi_test_result)
    i.wifi_uart_service                      0x080025fc   Section        0  mcu_api.o(i.wifi_uart_service)
    i.wifi_uart_write_data                   0x080026f4   Section        0  system_1.o(i.wifi_uart_write_data)
    wifi_uart_write_data                     0x080026f5   Thumb Code    36  system_1.o(i.wifi_uart_write_data)
    i.wifi_uart_write_frame                  0x08002718   Section        0  system_1.o(i.wifi_uart_write_frame)
    i.wifi_work_state_led                    0x08002760   Section        0  main.o(i.wifi_work_state_led)
    i.with_data_rxbuff                       0x080027e4   Section        0  system_1.o(i.with_data_rxbuff)
    .constdata                               0x08002800   Section     6080  oled.o(.constdata)
    .constdata                               0x08003fc0   Section        4  protocol.o(.constdata)
    .data                                    0x20000000   Section       20  stm32f10x_rcc.o(.data)
    APBAHBPrescTable                         0x20000000   Data          16  stm32f10x_rcc.o(.data)
    ADCPrescTable                            0x20000010   Data           4  stm32f10x_rcc.o(.data)
    .data                                    0x20000014   Section        3  main.o(.data)
    count                                    0x20000016   Data           1  main.o(.data)
    .data                                    0x20000018   Section        4  delay.o(.data)
    .data                                    0x2000001c   Section        1  hal_key.o(.data)
    .data                                    0x2000001d   Section        3  hal_rgb.o(.data)
    .data                                    0x20000020   Section       16  user_timer.o(.data)
    Timer3_Value                             0x20000028   Data           4  user_timer.o(.data)
    System_Sec_Flag                          0x2000002d   Data           1  user_timer.o(.data)
    cnt                                      0x2000002e   Data           1  user_timer.o(.data)
    color                                    0x2000002f   Data           1  user_timer.o(.data)
    .data                                    0x20000030   Section        2  mcu_api.o(.data)
    rx_in                                    0x20000030   Data           2  mcu_api.o(.data)
    .data                                    0x20000034   Section       13  system_1.o(.data)
    mcu_reset_state                          0x20000040   Data           1  system_1.o(.data)
    .bss                                     0x20000044   Section       36  main.o(.bss)
    .bss                                     0x20000068   Section       32  hal_key.o(.bss)
    Key_State                                0x20000068   Data          32  hal_key.o(.bss)
    .bss                                     0x20000088   Section     1152  oled.o(.bss)
    .bss                                     0x20000508   Section      109  system_1.o(.bss)
    .bss                                     0x20000578   Section       96  libspace.o(.bss)
    HEAP                                     0x200005d8   Section      512  startup_stm32f10x_hd.o(HEAP)
    Heap_Mem                                 0x200005d8   Data         512  startup_stm32f10x_hd.o(HEAP)
    STACK                                    0x200007d8   Section     1024  startup_stm32f10x_hd.o(STACK)
    Stack_Mem                                0x200007d8   Data        1024  startup_stm32f10x_hd.o(STACK)
    __initial_sp                             0x20000bd8   Data           0  startup_stm32f10x_hd.o(STACK)

    Global Symbols

    Symbol Name                              Value     Ov Type        Size  Object(Section)

    BuildAttributes$$THM_ISAv4$P$D$K$B$S$PE$A:L22UL41UL21$X:L11$S22US41US21$IEEE1$IW$USESV6$~STKCKD$USESV7$~SHL$OSPACE$ROPI$EBA8$UX$STANDARDLIB$REQ8$PRES8$EABIv2 0x00000000   Number         0  anon$$obj.o ABSOLUTE
    __ARM_use_no_argv                        0x00000000   Number         0  main.o ABSOLUTE
    _printf_flags                            0x00000000   Number         0  printf_stubs.o ABSOLUTE
    _printf_return_value                     0x00000000   Number         0  printf_stubs.o ABSOLUTE
    _printf_sizespec                         0x00000000   Number         0  printf_stubs.o ABSOLUTE
    _printf_widthprec                        0x00000000   Number         0  printf_stubs.o ABSOLUTE
    __ARM_exceptions_init                     - Undefined Weak Reference
    __alloca_initialize                       - Undefined Weak Reference
    __arm_preinit_                            - Undefined Weak Reference
    __cpp_initialize__aeabi_                  - Undefined Weak Reference
    __cxa_finalize                            - Undefined Weak Reference
    __rt_locale                               - Undefined Weak Reference
    __sigvec_lookup                           - Undefined Weak Reference
    _atexit_init                              - Undefined Weak Reference
    _call_atexit_fns                          - Undefined Weak Reference
    _clock_init                               - Undefined Weak Reference
    _fp_trap_init                             - Undefined Weak Reference
    _fp_trap_shutdown                         - Undefined Weak Reference
    _get_lc_collate                           - Undefined Weak Reference
    _get_lc_ctype                             - Undefined Weak Reference
    _get_lc_monetary                          - Undefined Weak Reference
    _get_lc_numeric                           - Undefined Weak Reference
    _get_lc_time                              - Undefined Weak Reference
    _getenv_init                              - Undefined Weak Reference
    _handle_redirection                       - Undefined Weak Reference
    _init_alloc                               - Undefined Weak Reference
    _init_user_alloc                          - Undefined Weak Reference
    _initio                                   - Undefined Weak Reference
    _printf_truncate_signed                   - Undefined Weak Reference
    _printf_truncate_unsigned                 - Undefined Weak Reference
    _rand_init                                - Undefined Weak Reference
    _signal_finish                            - Undefined Weak Reference
    _signal_init                              - Undefined Weak Reference
    _terminate_alloc                          - Undefined Weak Reference
    _terminate_user_alloc                     - Undefined Weak Reference
    _terminateio                              - Undefined Weak Reference
    __Vectors_Size                           0x00000130   Number         0  startup_stm32f10x_hd.o ABSOLUTE
    __Vectors                                0x08000000   Data           4  startup_stm32f10x_hd.o(RESET)
    __Vectors_End                            0x08000130   Data           0  startup_stm32f10x_hd.o(RESET)
    __main                                   0x08000131   Thumb Code     8  __main.o(!!!main)
    __scatterload                            0x08000139   Thumb Code     0  __scatter.o(!!!scatter)
    __scatterload_rt2                        0x08000139   Thumb Code    44  __scatter.o(!!!scatter)
    __scatterload_rt2_thumb_only             0x08000139   Thumb Code     0  __scatter.o(!!!scatter)
    __scatterload_null                       0x08000147   Thumb Code     0  __scatter.o(!!!scatter)
    __scatterload_copy                       0x0800016d   Thumb Code    26  __scatter_copy.o(!!handler_copy)
    __scatterload_zeroinit                   0x08000189   Thumb Code    28  __scatter_zi.o(!!handler_zi)
    _printf_d                                0x080001a5   Thumb Code     0  _printf_d.o(.ARM.Collect$$_printf_percent$$00000009)
    _printf_percent                          0x080001a5   Thumb Code     0  _printf_percent.o(.ARM.Collect$$_printf_percent$$00000000)
    _printf_percent_end                      0x080001ab   Thumb Code     0  _printf_percent_end.o(.ARM.Collect$$_printf_percent$$00000017)
    __rt_lib_init                            0x080001af   Thumb Code     0  libinit.o(.ARM.Collect$$libinit$$00000000)
    __rt_lib_init_alloca_1                   0x080001b1   Thumb Code     0  libinit2.o(.ARM.Collect$$libinit$$0000002E)
    __rt_lib_init_argv_1                     0x080001b1   Thumb Code     0  libinit2.o(.ARM.Collect$$libinit$$0000002C)
    __rt_lib_init_atexit_1                   0x080001b1   Thumb Code     0  libinit2.o(.ARM.Collect$$libinit$$0000001B)
    __rt_lib_init_clock_1                    0x080001b1   Thumb Code     0  libinit2.o(.ARM.Collect$$libinit$$00000021)
    __rt_lib_init_cpp_1                      0x080001b1   Thumb Code     0  libinit2.o(.ARM.Collect$$libinit$$00000032)
    __rt_lib_init_exceptions_1               0x080001b1   Thumb Code     0  libinit2.o(.ARM.Collect$$libinit$$00000030)
    __rt_lib_init_fp_1                       0x080001b1   Thumb Code     0  libinit2.o(.ARM.Collect$$libinit$$00000002)
    __rt_lib_init_fp_trap_1                  0x080001b1   Thumb Code     0  libinit2.o(.ARM.Collect$$libinit$$0000001F)
    __rt_lib_init_getenv_1                   0x080001b1   Thumb Code     0  libinit2.o(.ARM.Collect$$libinit$$00000023)
    __rt_lib_init_heap_1                     0x080001b1   Thumb Code     0  libinit2.o(.ARM.Collect$$libinit$$0000000A)
    __rt_lib_init_lc_collate_1               0x080001b1   Thumb Code     0  libinit2.o(.ARM.Collect$$libinit$$00000011)
    __rt_lib_init_lc_ctype_1                 0x080001b1   Thumb Code     0  libinit2.o(.ARM.Collect$$libinit$$00000013)
    __rt_lib_init_lc_monetary_1              0x080001b1   Thumb Code     0  libinit2.o(.ARM.Collect$$libinit$$00000015)
    __rt_lib_init_lc_numeric_1               0x080001b1   Thumb Code     0  libinit2.o(.ARM.Collect$$libinit$$00000017)
    __rt_lib_init_lc_time_1                  0x080001b1   Thumb Code     0  libinit2.o(.ARM.Collect$$libinit$$00000019)
    __rt_lib_init_preinit_1                  0x080001b1   Thumb Code     0  libinit2.o(.ARM.Collect$$libinit$$00000004)
    __rt_lib_init_rand_1                     0x080001b1   Thumb Code     0  libinit2.o(.ARM.Collect$$libinit$$0000000E)
    __rt_lib_init_return                     0x080001b1   Thumb Code     0  libinit2.o(.ARM.Collect$$libinit$$00000033)
    __rt_lib_init_signal_1                   0x080001b1   Thumb Code     0  libinit2.o(.ARM.Collect$$libinit$$0000001D)
    __rt_lib_init_stdio_1                    0x080001b1   Thumb Code     0  libinit2.o(.ARM.Collect$$libinit$$00000025)
    __rt_lib_init_user_alloc_1               0x080001b1   Thumb Code     0  libinit2.o(.ARM.Collect$$libinit$$0000000C)
    __rt_lib_shutdown                        0x080001b3   Thumb Code     0  libshutdown.o(.ARM.Collect$$libshutdown$$00000000)
    __rt_lib_shutdown_cpp_1                  0x080001b5   Thumb Code     0  libshutdown2.o(.ARM.Collect$$libshutdown$$00000002)
    __rt_lib_shutdown_fp_trap_1              0x080001b5   Thumb Code     0  libshutdown2.o(.ARM.Collect$$libshutdown$$00000007)
    __rt_lib_shutdown_heap_1                 0x080001b5   Thumb Code     0  libshutdown2.o(.ARM.Collect$$libshutdown$$0000000F)
    __rt_lib_shutdown_return                 0x080001b5   Thumb Code     0  libshutdown2.o(.ARM.Collect$$libshutdown$$00000010)
    __rt_lib_shutdown_signal_1               0x080001b5   Thumb Code     0  libshutdown2.o(.ARM.Collect$$libshutdown$$0000000A)
    __rt_lib_shutdown_stdio_1                0x080001b5   Thumb Code     0  libshutdown2.o(.ARM.Collect$$libshutdown$$00000004)
    __rt_lib_shutdown_user_alloc_1           0x080001b5   Thumb Code     0  libshutdown2.o(.ARM.Collect$$libshutdown$$0000000C)
    __rt_entry                               0x080001b7   Thumb Code     0  __rtentry.o(.ARM.Collect$$rtentry$$00000000)
    __rt_entry_presh_1                       0x080001b7   Thumb Code     0  __rtentry2.o(.ARM.Collect$$rtentry$$00000002)
    __rt_entry_sh                            0x080001b7   Thumb Code     0  __rtentry4.o(.ARM.Collect$$rtentry$$00000004)
    __rt_entry_li                            0x080001bd   Thumb Code     0  __rtentry2.o(.ARM.Collect$$rtentry$$0000000A)
    __rt_entry_postsh_1                      0x080001bd   Thumb Code     0  __rtentry2.o(.ARM.Collect$$rtentry$$00000009)
    __rt_entry_main                          0x080001c1   Thumb Code     0  __rtentry2.o(.ARM.Collect$$rtentry$$0000000D)
    __rt_entry_postli_1                      0x080001c1   Thumb Code     0  __rtentry2.o(.ARM.Collect$$rtentry$$0000000C)
    __rt_exit                                0x080001c9   Thumb Code     0  rtexit.o(.ARM.Collect$$rtexit$$00000000)
    __rt_exit_ls                             0x080001cb   Thumb Code     0  rtexit2.o(.ARM.Collect$$rtexit$$00000003)
    __rt_exit_prels_1                        0x080001cb   Thumb Code     0  rtexit2.o(.ARM.Collect$$rtexit$$00000002)
    __rt_exit_exit                           0x080001cf   Thumb Code     0  rtexit2.o(.ARM.Collect$$rtexit$$00000004)
    Reset_Handler                            0x080001d5   Thumb Code     8  startup_stm32f10x_hd.o(.text)
    ADC1_2_IRQHandler                        0x080001ef   Thumb Code     0  startup_stm32f10x_hd.o(.text)
    ADC3_IRQHandler                          0x080001ef   Thumb Code     0  startup_stm32f10x_hd.o(.text)
    CAN1_RX1_IRQHandler                      0x080001ef   Thumb Code     0  startup_stm32f10x_hd.o(.text)
    CAN1_SCE_IRQHandler                      0x080001ef   Thumb Code     0  startup_stm32f10x_hd.o(.text)
    DMA1_Channel1_IRQHandler                 0x080001ef   Thumb Code     0  startup_stm32f10x_hd.o(.text)
    DMA1_Channel2_IRQHandler                 0x080001ef   Thumb Code     0  startup_stm32f10x_hd.o(.text)
    DMA1_Channel3_IRQHandler                 0x080001ef   Thumb Code     0  startup_stm32f10x_hd.o(.text)
    DMA1_Channel4_IRQHandler                 0x080001ef   Thumb Code     0  startup_stm32f10x_hd.o(.text)
    DMA1_Channel5_IRQHandler                 0x080001ef   Thumb Code     0  startup_stm32f10x_hd.o(.text)
    DMA1_Channel6_IRQHandler                 0x080001ef   Thumb Code     0  startup_stm32f10x_hd.o(.text)
    DMA1_Channel7_IRQHandler                 0x080001ef   Thumb Code     0  startup_stm32f10x_hd.o(.text)
    DMA2_Channel1_IRQHandler                 0x080001ef   Thumb Code     0  startup_stm32f10x_hd.o(.text)
    DMA2_Channel2_IRQHandler                 0x080001ef   Thumb Code     0  startup_stm32f10x_hd.o(.text)
    DMA2_Channel3_IRQHandler                 0x080001ef   Thumb Code     0  startup_stm32f10x_hd.o(.text)
    DMA2_Channel4_5_IRQHandler               0x080001ef   Thumb Code     0  startup_stm32f10x_hd.o(.text)
    EXTI0_IRQHandler                         0x080001ef   Thumb Code     0  startup_stm32f10x_hd.o(.text)
    EXTI15_10_IRQHandler                     0x080001ef   Thumb Code     0  startup_stm32f10x_hd.o(.text)
    EXTI1_IRQHandler                         0x080001ef   Thumb Code     0  startup_stm32f10x_hd.o(.text)
    EXTI2_IRQHandler                         0x080001ef   Thumb Code     0  startup_stm32f10x_hd.o(.text)
    EXTI3_IRQHandler                         0x080001ef   Thumb Code     0  startup_stm32f10x_hd.o(.text)
    EXTI4_IRQHandler                         0x080001ef   Thumb Code     0  startup_stm32f10x_hd.o(.text)
    FLASH_IRQHandler                         0x080001ef   Thumb Code     0  startup_stm32f10x_hd.o(.text)
    FSMC_IRQHandler                          0x080001ef   Thumb Code     0  startup_stm32f10x_hd.o(.text)
    I2C1_ER_IRQHandler                       0x080001ef   Thumb Code     0  startup_stm32f10x_hd.o(.text)
    I2C1_EV_IRQHandler                       0x080001ef   Thumb Code     0  startup_stm32f10x_hd.o(.text)
    I2C2_ER_IRQHandler                       0x080001ef   Thumb Code     0  startup_stm32f10x_hd.o(.text)
    I2C2_EV_IRQHandler                       0x080001ef   Thumb Code     0  startup_stm32f10x_hd.o(.text)
    PVD_IRQHandler                           0x080001ef   Thumb Code     0  startup_stm32f10x_hd.o(.text)
    RCC_IRQHandler                           0x080001ef   Thumb Code     0  startup_stm32f10x_hd.o(.text)
    RTCAlarm_IRQHandler                      0x080001ef   Thumb Code     0  startup_stm32f10x_hd.o(.text)
    RTC_IRQHandler                           0x080001ef   Thumb Code     0  startup_stm32f10x_hd.o(.text)
    SDIO_IRQHandler                          0x080001ef   Thumb Code     0  startup_stm32f10x_hd.o(.text)
    SPI1_IRQHandler                          0x080001ef   Thumb Code     0  startup_stm32f10x_hd.o(.text)
    SPI2_IRQHandler                          0x080001ef   Thumb Code     0  startup_stm32f10x_hd.o(.text)
    SPI3_IRQHandler                          0x080001ef   Thumb Code     0  startup_stm32f10x_hd.o(.text)
    TAMPER_IRQHandler                        0x080001ef   Thumb Code     0  startup_stm32f10x_hd.o(.text)
    TIM1_BRK_IRQHandler                      0x080001ef   Thumb Code     0  startup_stm32f10x_hd.o(.text)
    TIM1_CC_IRQHandler                       0x080001ef   Thumb Code     0  startup_stm32f10x_hd.o(.text)
    TIM1_TRG_COM_IRQHandler                  0x080001ef   Thumb Code     0  startup_stm32f10x_hd.o(.text)
    TIM1_UP_IRQHandler                       0x080001ef   Thumb Code     0  startup_stm32f10x_hd.o(.text)
    TIM4_IRQHandler                          0x080001ef   Thumb Code     0  startup_stm32f10x_hd.o(.text)
    TIM5_IRQHandler                          0x080001ef   Thumb Code     0  startup_stm32f10x_hd.o(.text)
    TIM6_IRQHandler                          0x080001ef   Thumb Code     0  startup_stm32f10x_hd.o(.text)
    TIM7_IRQHandler                          0x080001ef   Thumb Code     0  startup_stm32f10x_hd.o(.text)
    TIM8_BRK_IRQHandler                      0x080001ef   Thumb Code     0  startup_stm32f10x_hd.o(.text)
    TIM8_CC_IRQHandler                       0x080001ef   Thumb Code     0  startup_stm32f10x_hd.o(.text)
    TIM8_TRG_COM_IRQHandler                  0x080001ef   Thumb Code     0  startup_stm32f10x_hd.o(.text)
    TIM8_UP_IRQHandler                       0x080001ef   Thumb Code     0  startup_stm32f10x_hd.o(.text)
    UART4_IRQHandler                         0x080001ef   Thumb Code     0  startup_stm32f10x_hd.o(.text)
    UART5_IRQHandler                         0x080001ef   Thumb Code     0  startup_stm32f10x_hd.o(.text)
    USART2_IRQHandler                        0x080001ef   Thumb Code     0  startup_stm32f10x_hd.o(.text)
    USBWakeUp_IRQHandler                     0x080001ef   Thumb Code     0  startup_stm32f10x_hd.o(.text)
    USB_HP_CAN1_TX_IRQHandler                0x080001ef   Thumb Code     0  startup_stm32f10x_hd.o(.text)
    USB_LP_CAN1_RX0_IRQHandler               0x080001ef   Thumb Code     0  startup_stm32f10x_hd.o(.text)
    WWDG_IRQHandler                          0x080001ef   Thumb Code     0  startup_stm32f10x_hd.o(.text)
    __user_initial_stackheap                 0x080001f1   Thumb Code     0  startup_stm32f10x_hd.o(.text)
    __2sprintf                               0x08000215   Thumb Code    34  noretval__2sprintf.o(.text)
    _printf_pre_padding                      0x0800023d   Thumb Code    44  _printf_pad.o(.text)
    _printf_post_padding                     0x08000269   Thumb Code    34  _printf_pad.o(.text)
    _printf_int_dec                          0x0800028d   Thumb Code   104  _printf_dec.o(.text)
    __printf                                 0x08000305   Thumb Code   270  __printf_wp.o(.text)
    __aeabi_memclr4                          0x08000413   Thumb Code     0  rt_memclr_w.o(.text)
    __aeabi_memclr8                          0x08000413   Thumb Code     0  rt_memclr_w.o(.text)
    __rt_memclr_w                            0x08000413   Thumb Code    78  rt_memclr_w.o(.text)
    _memset_w                                0x08000417   Thumb Code     0  rt_memclr_w.o(.text)
    __use_two_region_memory                  0x08000461   Thumb Code     2  heapauxi.o(.text)
    __rt_heap_escrow$2region                 0x08000463   Thumb Code     2  heapauxi.o(.text)
    __rt_heap_expand$2region                 0x08000465   Thumb Code     2  heapauxi.o(.text)
    _printf_int_common                       0x08000467   Thumb Code   178  _printf_intcommon.o(.text)
    _printf_char_common                      0x08000523   Thumb Code    32  _printf_char_common.o(.text)
    _sputc                                   0x08000549   Thumb Code    10  _sputc.o(.text)
    __user_setup_stackheap                   0x08000553   Thumb Code    74  sys_stackheap_outer.o(.text)
    exit                                     0x0800059d   Thumb Code    18  exit.o(.text)
    __user_libspace                          0x080005b1   Thumb Code     8  libspace.o(.text)
    __user_perproc_libspace                  0x080005b1   Thumb Code     0  libspace.o(.text)
    __user_perthread_libspace                0x080005b1   Thumb Code     0  libspace.o(.text)
    _sys_exit                                0x080005b9   Thumb Code     8  sys_exit.o(.text)
    __I$use$semihosting                      0x080005c5   Thumb Code     0  use_no_semi.o(.text)
    __use_no_semihosting_swi                 0x080005c5   Thumb Code     2  use_no_semi.o(.text)
    BusFault_Handler                         0x080005c7   Thumb Code     4  stm32f10x_it.o(i.BusFault_Handler)
    __semihosting_library_function           0x080005c7   Thumb Code     0  indicate_semi.o(.text)
    DHT11_Check                              0x080005cd   Thumb Code    74  dht11.o(i.DHT11_Check)
    DHT11_IO_IN                              0x0800061d   Thumb Code    30  dht11.o(i.DHT11_IO_IN)
    DHT11_IO_OUT                             0x08000641   Thumb Code    30  dht11.o(i.DHT11_IO_OUT)
    DHT11_Init                               0x08000665   Thumb Code    46  dht11.o(i.DHT11_Init)
    DHT11_Read_Bit                           0x08000699   Thumb Code    70  dht11.o(i.DHT11_Read_Bit)
    DHT11_Read_Byte                          0x080006e5   Thumb Code    30  dht11.o(i.DHT11_Read_Byte)
    DHT11_Read_Data                          0x08000703   Thumb Code    88  dht11.o(i.DHT11_Read_Data)
    DHT11_Rst                                0x0800075d   Thumb Code    34  dht11.o(i.DHT11_Rst)
    DebugMon_Handler                         0x08000789   Thumb Code     2  stm32f10x_it.o(i.DebugMon_Handler)
    EXTI9_5_IRQHandler                       0x0800078b   Thumb Code     2  stm32f10x_it.o(i.EXTI9_5_IRQHandler)
    GPIO_Init                                0x0800078d   Thumb Code   278  stm32f10x_gpio.o(i.GPIO_Init)
    GPIO_ReadInputDataBit                    0x080008a3   Thumb Code    18  stm32f10x_gpio.o(i.GPIO_ReadInputDataBit)
    GPIO_ResetBits                           0x080008b5   Thumb Code     4  stm32f10x_gpio.o(i.GPIO_ResetBits)
    GPIO_SetBits                             0x080008b9   Thumb Code     4  stm32f10x_gpio.o(i.GPIO_SetBits)
    Get_Count_Value                          0x080008bd   Thumb Code     6  user_timer.o(i.Get_Count_Value)
    Get_Time3_Value                          0x08000911   Thumb Code     6  user_timer.o(i.Get_Time3_Value)
    HardFault_Handler                        0x0800091d   Thumb Code     4  stm32f10x_it.o(i.HardFault_Handler)
    KEY_Init                                 0x08000921   Thumb Code    88  hal_key.o(i.KEY_Init)
    Key_Scan                                 0x08000af9   Thumb Code   328  hal_key.o(i.Key_Scan)
    LED_Control                              0x08000c45   Thumb Code    92  hal_rgb.o(i.LED_Control)
    LED_RGB_Control                          0x08000ca5   Thumb Code   132  hal_rgb.o(i.LED_RGB_Control)
    MemManage_Handler                        0x08000d3d   Thumb Code     4  stm32f10x_it.o(i.MemManage_Handler)
    NMI_Handler                              0x08000d41   Thumb Code     2  stm32f10x_it.o(i.NMI_Handler)
    NVIC_Init                                0x08000d45   Thumb Code   100  misc.o(i.NVIC_Init)
    OLED_Clear                               0x08000db5   Thumb Code    42  oled.o(i.OLED_Clear)
    OLED_ClearPoint                          0x08000de5   Thumb Code    90  oled.o(i.OLED_ClearPoint)
    OLED_ColorTurn                           0x08000e45   Thumb Code    28  oled.o(i.OLED_ColorTurn)
    OLED_DisplayTurn                         0x08000e61   Thumb Code    44  oled.o(i.OLED_DisplayTurn)
    OLED_DrawPoint                           0x08000e8d   Thumb Code    54  oled.o(i.OLED_DrawPoint)
    OLED_Init                                0x08000ec9   Thumb Code   336  oled.o(i.OLED_Init)
    OLED_Refresh                             0x08001021   Thumb Code    70  oled.o(i.OLED_Refresh)
    OLED_ShowChar                            0x0800106d   Thumb Code   240  oled.o(i.OLED_ShowChar)
    OLED_ShowString                          0x08001169   Thumb Code    66  oled.o(i.OLED_ShowString)
    OLED_WR_Byte                             0x080011ad   Thumb Code   122  oled.o(i.OLED_WR_Byte)
    PendSV_Handler                           0x0800122d   Thumb Code     2  stm32f10x_it.o(i.PendSV_Handler)
    RCC_APB1PeriphClockCmd                   0x08001231   Thumb Code    26  stm32f10x_rcc.o(i.RCC_APB1PeriphClockCmd)
    RCC_APB1PeriphResetCmd                   0x08001251   Thumb Code    26  stm32f10x_rcc.o(i.RCC_APB1PeriphResetCmd)
    RCC_APB2PeriphClockCmd                   0x08001271   Thumb Code    26  stm32f10x_rcc.o(i.RCC_APB2PeriphClockCmd)
    RCC_APB2PeriphResetCmd                   0x08001291   Thumb Code    26  stm32f10x_rcc.o(i.RCC_APB2PeriphResetCmd)
    RCC_GetClocksFreq                        0x080012b1   Thumb Code   192  stm32f10x_rcc.o(i.RCC_GetClocksFreq)
    RGB_LED_Init                             0x08001385   Thumb Code   134  hal_rgb.o(i.RGB_LED_Init)
    RGB_Power_Control                        0x08001415   Thumb Code   150  hal_rgb.o(i.RGB_Power_Control)
    RGB_Value_Set                            0x080014b1   Thumb Code   160  hal_rgb.o(i.RGB_Value_Set)
    SVC_Handler                              0x08001565   Thumb Code     2  stm32f10x_it.o(i.SVC_Handler)
    SysTick_Handler                          0x08001651   Thumb Code     8  stm32f10x_it.o(i.SysTick_Handler)
    SystemInit                               0x08001659   Thumb Code    78  system_stm32f10x.o(i.SystemInit)
    TIM2_Count_Init                          0x080016b9   Thumb Code   116  user_timer.o(i.TIM2_Count_Init)
    TIM2_IRQHandler                          0x08001731   Thumb Code    36  user_timer.o(i.TIM2_IRQHandler)
    TIM3_Count_Init                          0x08001759   Thumb Code   114  user_timer.o(i.TIM3_Count_Init)
    TIM3_IRQHandler                          0x080017d9   Thumb Code    70  user_timer.o(i.TIM3_IRQHandler)
    TIM_ClearFlag                            0x0800182d   Thumb Code     6  stm32f10x_tim.o(i.TIM_ClearFlag)
    TIM_ClearITPendingBit                    0x08001833   Thumb Code     6  stm32f10x_tim.o(i.TIM_ClearITPendingBit)
    TIM_Cmd                                  0x08001839   Thumb Code    24  stm32f10x_tim.o(i.TIM_Cmd)
    TIM_DeInit                               0x08001851   Thumb Code   424  stm32f10x_tim.o(i.TIM_DeInit)
    TIM_GetITStatus                          0x08001a39   Thumb Code    34  stm32f10x_tim.o(i.TIM_GetITStatus)
    TIM_ITConfig                             0x08001a5b   Thumb Code    18  stm32f10x_tim.o(i.TIM_ITConfig)
    TIM_TimeBaseInit                         0x08001a6d   Thumb Code   122  stm32f10x_tim.o(i.TIM_TimeBaseInit)
    USART1_IRQHandler                        0x08001b11   Thumb Code    24  ty_uart.o(i.USART1_IRQHandler)
    USART1_Init                              0x08001b2d   Thumb Code   196  ty_uart.o(i.USART1_Init)
    USART3_IRQHandler                        0x08001bf9   Thumb Code    30  ty_uart.o(i.USART3_IRQHandler)
    USART3_Init                              0x08001c1d   Thumb Code   196  ty_uart.o(i.USART3_Init)
    USART_ClearFlag                          0x08001ce9   Thumb Code    18  stm32f10x_usart.o(i.USART_ClearFlag)
    USART_Cmd                                0x08001cfb   Thumb Code    24  stm32f10x_usart.o(i.USART_Cmd)
    USART_GetFlagStatus                      0x08001d13   Thumb Code    26  stm32f10x_usart.o(i.USART_GetFlagStatus)
    USART_GetITStatus                        0x08001d2d   Thumb Code    84  stm32f10x_usart.o(i.USART_GetITStatus)
    USART_ITConfig                           0x08001d81   Thumb Code    74  stm32f10x_usart.o(i.USART_ITConfig)
    USART_Init                               0x08001dcd   Thumb Code   210  stm32f10x_usart.o(i.USART_Init)
    USART_ReceiveData                        0x08001ea5   Thumb Code    10  stm32f10x_usart.o(i.USART_ReceiveData)
    USART_SendData                           0x08001eaf   Thumb Code     8  stm32f10x_usart.o(i.USART_SendData)
    Uart_PutChar                             0x08001eb9   Thumb Code    28  ty_uart.o(i.Uart_PutChar)
    UsageFault_Handler                       0x08001ed9   Thumb Code     4  stm32f10x_it.o(i.UsageFault_Handler)
    _is_digit                                0x08001edd   Thumb Code    14  __printf_wp.o(i._is_digit)
    all_data_update                          0x08001eed   Thumb Code    30  protocol.o(i.all_data_update)
    data_handle                              0x08001f15   Thumb Code   210  system_1.o(i.data_handle)
    delay_ms                                 0x08002045   Thumb Code    26  delay.o(i.delay_ms)
    delay_us                                 0x08002061   Thumb Code   106  delay.o(i.delay_us)
    dp_download_handle                       0x080020d9   Thumb Code    10  protocol.o(i.dp_download_handle)
    get_check_sum                            0x080020e3   Thumb Code    28  system_1.o(i.get_check_sum)
    get_download_cmd_total                   0x0800212d   Thumb Code     4  protocol.o(i.get_download_cmd_total)
    hex_to_bcd                               0x08002179   Thumb Code   108  mcu_api.o(i.hex_to_bcd)
    main                                     0x080021e5   Thumb Code   230  main.o(i.main)
    mcu_dp_value_update                      0x080022ed   Thumb Code   116  mcu_api.o(i.mcu_dp_value_update)
    mcu_get_wifi_work_state                  0x08002365   Thumb Code     6  mcu_api.o(i.mcu_get_wifi_work_state)
    mcu_reset_wifi                           0x08002371   Thumb Code    20  mcu_api.o(i.mcu_reset_wifi)
    mcu_start_wifitest                       0x08002389   Thumb Code    14  mcu_api.o(i.mcu_start_wifitest)
    my_memcpy                                0x08002397   Thumb Code    68  mcu_api.o(i.my_memcpy)
    my_strlen                                0x080023db   Thumb Code    28  mcu_api.o(i.my_strlen)
    set_wifi_uart_buffer                     0x080024d9   Thumb Code    34  system_1.o(i.set_wifi_uart_buffer)
    set_wifi_uart_byte                       0x08002501   Thumb Code    12  system_1.o(i.set_wifi_uart_byte)
    take_byte_rxbuff                         0x08002511   Thumb Code    46  system_1.o(i.take_byte_rxbuff)
    ticking_decrement                        0x0800254d   Thumb Code    18  delay.o(i.ticking_decrement)
    uart_receive_input                       0x08002565   Thumb Code    74  mcu_api.o(i.uart_receive_input)
    uart_transmit_output                     0x080025bd   Thumb Code    12  protocol.o(i.uart_transmit_output)
    wifi_protocol_init                       0x080025c9   Thumb Code    24  mcu_api.o(i.wifi_protocol_init)
    wifi_test_result                         0x080025f5   Thumb Code     8  protocol.o(i.wifi_test_result)
    wifi_uart_service                        0x080025fd   Thumb Code   238  mcu_api.o(i.wifi_uart_service)
    wifi_uart_write_frame                    0x08002719   Thumb Code    68  system_1.o(i.wifi_uart_write_frame)
    wifi_work_state_led                      0x08002761   Thumb Code   130  main.o(i.wifi_work_state_led)
    with_data_rxbuff                         0x080027e5   Thumb Code    20  system_1.o(i.with_data_rxbuff)
    asc2_1206                                0x08002800   Data        1140  oled.o(.constdata)
    asc2_1608                                0x08002c74   Data        1520  oled.o(.constdata)
    asc2_2412                                0x08003264   Data        3420  oled.o(.constdata)
    download_cmd                             0x08003fc0   Data           4  protocol.o(.constdata)
    Region$$Table$$Base                      0x08003fc4   Number         0  anon$$obj.o(Region$$Table)
    Region$$Table$$Limit                     0x08003fe4   Number         0  anon$$obj.o(Region$$Table)
    temperature                              0x20000014   Data           1  main.o(.data)
    humidity                                 0x20000015   Data           1  main.o(.data)
    ticking                                  0x20000018   Data           4  delay.o(.data)
    wifi_test_mode                           0x2000001c   Data           1  hal_key.o(.data)
    light_r                                  0x2000001d   Data           1  hal_rgb.o(.data)
    light_g                                  0x2000001e   Data           1  hal_rgb.o(.data)
    light_b                                  0x2000001f   Data           1  hal_rgb.o(.data)
    Timer2_Value                             0x20000020   Data           4  user_timer.o(.data)
    Timer_Count_Value                        0x20000024   Data           4  user_timer.o(.data)
    Timer4_Value                             0x2000002c   Data           1  user_timer.o(.data)
    rx_buf_in                                0x20000034   Data           4  system_1.o(.data)
    rx_buf_out                               0x20000038   Data           4  system_1.o(.data)
    stop_update_flag                         0x2000003c   Data           1  system_1.o(.data)
    reset_wifi_flag                          0x2000003d   Data           1  system_1.o(.data)
    set_wifimode_flag                        0x2000003e   Data           1  system_1.o(.data)
    wifi_work_state                          0x2000003f   Data           1  system_1.o(.data)
    FlashBuffer                              0x20000044   Data          36  main.o(.bss)
    OLED_GRAM                                0x20000088   Data        1152  oled.o(.bss)
    wifi_data_process_buf                    0x20000508   Data          31  system_1.o(.bss)
    wifi_uart_rx_buf                         0x20000527   Data          23  system_1.o(.bss)
    wifi_uart_tx_buf                         0x2000053e   Data          55  system_1.o(.bss)
    __libspace_start                         0x20000578   Data          96  libspace.o(.bss)
    __temporary_stack_top$libspace           0x200005d8   Data           0  libspace.o(.bss)



==============================================================================

Memory Map of the image

  Image Entry point : 0x08000131

  Load Region LR_IROM1 (Base: 0x08000000, Size: 0x00004028, Max: 0x00010000, ABSOLUTE)

    Execution Region ER_IROM1 (Exec base: 0x08000000, Load base: 0x08000000, Size: 0x00003fe4, Max: 0x00010000, ABSOLUTE)

    Exec Addr    Load Addr    Size         Type   Attr      Idx    E Section Name        Object

    0x08000000   0x08000000   0x00000130   Data   RO         3122    RESET               startup_stm32f10x_hd.o
    0x08000130   0x08000130   0x00000008   Code   RO         4453  * !!!main             c_w.l(__main.o)
    0x08000138   0x08000138   0x00000034   Code   RO         4652    !!!scatter          c_w.l(__scatter.o)
    0x0800016c   0x0800016c   0x0000001a   Code   RO         4654    !!handler_copy      c_w.l(__scatter_copy.o)
    0x08000186   0x08000186   0x00000002   PAD
    0x08000188   0x08000188   0x0000001c   Code   RO         4656    !!handler_zi        c_w.l(__scatter_zi.o)
    0x080001a4   0x080001a4   0x00000000   Code   RO         4448    .ARM.Collect$$_printf_percent$$00000000  c_w.l(_printf_percent.o)
    0x080001a4   0x080001a4   0x00000006   Code   RO         4447    .ARM.Collect$$_printf_percent$$00000009  c_w.l(_printf_d.o)
    0x080001aa   0x080001aa   0x00000004   Code   RO         4488    .ARM.Collect$$_printf_percent$$00000017  c_w.l(_printf_percent_end.o)
    0x080001ae   0x080001ae   0x00000002   Code   RO         4522    .ARM.Collect$$libinit$$00000000  c_w.l(libinit.o)
    0x080001b0   0x080001b0   0x00000000   Code   RO         4529    .ARM.Collect$$libinit$$00000002  c_w.l(libinit2.o)
    0x080001b0   0x080001b0   0x00000000   Code   RO         4531    .ARM.Collect$$libinit$$00000004  c_w.l(libinit2.o)
    0x080001b0   0x080001b0   0x00000000   Code   RO         4534    .ARM.Collect$$libinit$$0000000A  c_w.l(libinit2.o)
    0x080001b0   0x080001b0   0x00000000   Code   RO         4536    .ARM.Collect$$libinit$$0000000C  c_w.l(libinit2.o)
    0x080001b0   0x080001b0   0x00000000   Code   RO         4538    .ARM.Collect$$libinit$$0000000E  c_w.l(libinit2.o)
    0x080001b0   0x080001b0   0x00000000   Code   RO         4541    .ARM.Collect$$libinit$$00000011  c_w.l(libinit2.o)
    0x080001b0   0x080001b0   0x00000000   Code   RO         4543    .ARM.Collect$$libinit$$00000013  c_w.l(libinit2.o)
    0x080001b0   0x080001b0   0x00000000   Code   RO         4545    .ARM.Collect$$libinit$$00000015  c_w.l(libinit2.o)
    0x080001b0   0x080001b0   0x00000000   Code   RO         4547    .ARM.Collect$$libinit$$00000017  c_w.l(libinit2.o)
    0x080001b0   0x080001b0   0x00000000   Code   RO         4549    .ARM.Collect$$libinit$$00000019  c_w.l(libinit2.o)
    0x080001b0   0x080001b0   0x00000000   Code   RO         4551    .ARM.Collect$$libinit$$0000001B  c_w.l(libinit2.o)
    0x080001b0   0x080001b0   0x00000000   Code   RO         4553    .ARM.Collect$$libinit$$0000001D  c_w.l(libinit2.o)
    0x080001b0   0x080001b0   0x00000000   Code   RO         4555    .ARM.Collect$$libinit$$0000001F  c_w.l(libinit2.o)
    0x080001b0   0x080001b0   0x00000000   Code   RO         4557    .ARM.Collect$$libinit$$00000021  c_w.l(libinit2.o)
    0x080001b0   0x080001b0   0x00000000   Code   RO         4559    .ARM.Collect$$libinit$$00000023  c_w.l(libinit2.o)
    0x080001b0   0x080001b0   0x00000000   Code   RO         4561    .ARM.Collect$$libinit$$00000025  c_w.l(libinit2.o)
    0x080001b0   0x080001b0   0x00000000   Code   RO         4565    .ARM.Collect$$libinit$$0000002C  c_w.l(libinit2.o)
    0x080001b0   0x080001b0   0x00000000   Code   RO         4567    .ARM.Collect$$libinit$$0000002E  c_w.l(libinit2.o)
    0x080001b0   0x080001b0   0x00000000   Code   RO         4569    .ARM.Collect$$libinit$$00000030  c_w.l(libinit2.o)
    0x080001b0   0x080001b0   0x00000000   Code   RO         4571    .ARM.Collect$$libinit$$00000032  c_w.l(libinit2.o)
    0x080001b0   0x080001b0   0x00000002   Code   RO         4572    .ARM.Collect$$libinit$$00000033  c_w.l(libinit2.o)
    0x080001b2   0x080001b2   0x00000002   Code   RO         4592    .ARM.Collect$$libshutdown$$00000000  c_w.l(libshutdown.o)
    0x080001b4   0x080001b4   0x00000000   Code   RO         4605    .ARM.Collect$$libshutdown$$00000002  c_w.l(libshutdown2.o)
    0x080001b4   0x080001b4   0x00000000   Code   RO         4607    .ARM.Collect$$libshutdown$$00000004  c_w.l(libshutdown2.o)
    0x080001b4   0x080001b4   0x00000000   Code   RO         4610    .ARM.Collect$$libshutdown$$00000007  c_w.l(libshutdown2.o)
    0x080001b4   0x080001b4   0x00000000   Code   RO         4613    .ARM.Collect$$libshutdown$$0000000A  c_w.l(libshutdown2.o)
    0x080001b4   0x080001b4   0x00000000   Code   RO         4615    .ARM.Collect$$libshutdown$$0000000C  c_w.l(libshutdown2.o)
    0x080001b4   0x080001b4   0x00000000   Code   RO         4618    .ARM.Collect$$libshutdown$$0000000F  c_w.l(libshutdown2.o)
    0x080001b4   0x080001b4   0x00000002   Code   RO         4619    .ARM.Collect$$libshutdown$$00000010  c_w.l(libshutdown2.o)
    0x080001b6   0x080001b6   0x00000000   Code   RO         4481    .ARM.Collect$$rtentry$$00000000  c_w.l(__rtentry.o)
    0x080001b6   0x080001b6   0x00000000   Code   RO         4497    .ARM.Collect$$rtentry$$00000002  c_w.l(__rtentry2.o)
    0x080001b6   0x080001b6   0x00000006   Code   RO         4509    .ARM.Collect$$rtentry$$00000004  c_w.l(__rtentry4.o)
    0x080001bc   0x080001bc   0x00000000   Code   RO         4499    .ARM.Collect$$rtentry$$00000009  c_w.l(__rtentry2.o)
    0x080001bc   0x080001bc   0x00000004   Code   RO         4500    .ARM.Collect$$rtentry$$0000000A  c_w.l(__rtentry2.o)
    0x080001c0   0x080001c0   0x00000000   Code   RO         4502    .ARM.Collect$$rtentry$$0000000C  c_w.l(__rtentry2.o)
    0x080001c0   0x080001c0   0x00000008   Code   RO         4503    .ARM.Collect$$rtentry$$0000000D  c_w.l(__rtentry2.o)
    0x080001c8   0x080001c8   0x00000002   Code   RO         4526    .ARM.Collect$$rtexit$$00000000  c_w.l(rtexit.o)
    0x080001ca   0x080001ca   0x00000000   Code   RO         4574    .ARM.Collect$$rtexit$$00000002  c_w.l(rtexit2.o)
    0x080001ca   0x080001ca   0x00000004   Code   RO         4575    .ARM.Collect$$rtexit$$00000003  c_w.l(rtexit2.o)
    0x080001ce   0x080001ce   0x00000006   Code   RO         4576    .ARM.Collect$$rtexit$$00000004  c_w.l(rtexit2.o)
    0x080001d4   0x080001d4   0x00000040   Code   RO         3123    .text               startup_stm32f10x_hd.o
    0x08000214   0x08000214   0x00000028   Code   RO         4419    .text               c_w.l(noretval__2sprintf.o)
    0x0800023c   0x0800023c   0x0000004e   Code   RO         4423    .text               c_w.l(_printf_pad.o)
    0x0800028a   0x0800028a   0x00000002   PAD
    0x0800028c   0x0800028c   0x00000078   Code   RO         4425    .text               c_w.l(_printf_dec.o)
    0x08000304   0x08000304   0x0000010e   Code   RO         4435    .text               c_w.l(__printf_wp.o)
    0x08000412   0x08000412   0x0000004e   Code   RO         4449    .text               c_w.l(rt_memclr_w.o)
    0x08000460   0x08000460   0x00000006   Code   RO         4451    .text               c_w.l(heapauxi.o)
    0x08000466   0x08000466   0x000000b2   Code   RO         4482    .text               c_w.l(_printf_intcommon.o)
    0x08000518   0x08000518   0x00000030   Code   RO         4484    .text               c_w.l(_printf_char_common.o)
    0x08000548   0x08000548   0x0000000a   Code   RO         4486    .text               c_w.l(_sputc.o)
    0x08000552   0x08000552   0x0000004a   Code   RO         4513    .text               c_w.l(sys_stackheap_outer.o)
    0x0800059c   0x0800059c   0x00000012   Code   RO         4515    .text               c_w.l(exit.o)
    0x080005ae   0x080005ae   0x00000002   PAD
    0x080005b0   0x080005b0   0x00000008   Code   RO         4523    .text               c_w.l(libspace.o)
    0x080005b8   0x080005b8   0x0000000c   Code   RO         4584    .text               c_w.l(sys_exit.o)
    0x080005c4   0x080005c4   0x00000002   Code   RO         4595    .text               c_w.l(use_no_semi.o)
    0x080005c6   0x080005c6   0x00000000   Code   RO         4597    .text               c_w.l(indicate_semi.o)
    0x080005c6   0x080005c6   0x00000004   Code   RO         3204    i.BusFault_Handler  stm32f10x_it.o
    0x080005ca   0x080005ca   0x00000002   PAD
    0x080005cc   0x080005cc   0x00000050   Code   RO         3387    i.DHT11_Check       dht11.o
    0x0800061c   0x0800061c   0x00000024   Code   RO         3388    i.DHT11_IO_IN       dht11.o
    0x08000640   0x08000640   0x00000024   Code   RO         3389    i.DHT11_IO_OUT      dht11.o
    0x08000664   0x08000664   0x00000034   Code   RO         3390    i.DHT11_Init        dht11.o
    0x08000698   0x08000698   0x0000004c   Code   RO         3391    i.DHT11_Read_Bit    dht11.o
    0x080006e4   0x080006e4   0x0000001e   Code   RO         3392    i.DHT11_Read_Byte   dht11.o
    0x08000702   0x08000702   0x00000058   Code   RO         3393    i.DHT11_Read_Data   dht11.o
    0x0800075a   0x0800075a   0x00000002   PAD
    0x0800075c   0x0800075c   0x0000002c   Code   RO         3394    i.DHT11_Rst         dht11.o
    0x08000788   0x08000788   0x00000002   Code   RO         3205    i.DebugMon_Handler  stm32f10x_it.o
    0x0800078a   0x0800078a   0x00000002   Code   RO         3206    i.EXTI9_5_IRQHandler  stm32f10x_it.o
    0x0800078c   0x0800078c   0x00000116   Code   RO         1304    i.GPIO_Init         stm32f10x_gpio.o
    0x080008a2   0x080008a2   0x00000012   Code   RO         1308    i.GPIO_ReadInputDataBit  stm32f10x_gpio.o
    0x080008b4   0x080008b4   0x00000004   Code   RO         1311    i.GPIO_ResetBits    stm32f10x_gpio.o
    0x080008b8   0x080008b8   0x00000004   Code   RO         1312    i.GPIO_SetBits      stm32f10x_gpio.o
    0x080008bc   0x080008bc   0x0000000c   Code   RO         3600    i.Get_Count_Value   user_timer.o
    0x080008c8   0x080008c8   0x0000002c   Code   RO         3501    i.Get_Key           hal_key.o
    0x080008f4   0x080008f4   0x0000001a   Code   RO         3502    i.Get_Key_Press_Time  hal_key.o
    0x0800090e   0x0800090e   0x00000002   PAD
    0x08000910   0x08000910   0x0000000c   Code   RO         3601    i.Get_Time3_Value   user_timer.o
    0x0800091c   0x0800091c   0x00000004   Code   RO         3207    i.HardFault_Handler  stm32f10x_it.o
    0x08000920   0x08000920   0x00000070   Code   RO         3503    i.KEY_Init          hal_key.o
    0x08000990   0x08000990   0x00000008   Code   RO         3504    i.Key1_LongPress_Handle  hal_key.o
    0x08000998   0x08000998   0x000000b8   Code   RO         3505    i.Key1_ShortPress_Handle  hal_key.o
    0x08000a50   0x08000a50   0x000000a4   Code   RO         3506    i.Key2_LongPress_Handle  hal_key.o
    0x08000af4   0x08000af4   0x00000002   Code   RO         3507    i.Key2_ShortPress_Handle  hal_key.o
    0x08000af6   0x08000af6   0x00000002   PAD
    0x08000af8   0x08000af8   0x0000014c   Code   RO         3508    i.Key_Scan          hal_key.o
    0x08000c44   0x08000c44   0x00000060   Code   RO         3557    i.LED_Control       hal_rgb.o
    0x08000ca4   0x08000ca4   0x00000098   Code   RO         3558    i.LED_RGB_Control   hal_rgb.o
    0x08000d3c   0x08000d3c   0x00000004   Code   RO         3208    i.MemManage_Handler  stm32f10x_it.o
    0x08000d40   0x08000d40   0x00000002   Code   RO         3209    i.NMI_Handler       stm32f10x_it.o
    0x08000d42   0x08000d42   0x00000002   PAD
    0x08000d44   0x08000d44   0x00000070   Code   RO          130    i.NVIC_Init         misc.o
    0x08000db4   0x08000db4   0x00000030   Code   RO         3648    i.OLED_Clear        oled.o
    0x08000de4   0x08000de4   0x00000060   Code   RO         3649    i.OLED_ClearPoint   oled.o
    0x08000e44   0x08000e44   0x0000001c   Code   RO         3650    i.OLED_ColorTurn    oled.o
    0x08000e60   0x08000e60   0x0000002c   Code   RO         3653    i.OLED_DisplayTurn  oled.o
    0x08000e8c   0x08000e8c   0x0000003c   Code   RO         3656    i.OLED_DrawPoint    oled.o
    0x08000ec8   0x08000ec8   0x00000158   Code   RO         3657    i.OLED_Init         oled.o
    0x08001020   0x08001020   0x0000004c   Code   RO         3659    i.OLED_Refresh      oled.o
    0x0800106c   0x0800106c   0x000000fc   Code   RO         3661    i.OLED_ShowChar     oled.o
    0x08001168   0x08001168   0x00000042   Code   RO         3665    i.OLED_ShowString   oled.o
    0x080011aa   0x080011aa   0x00000002   PAD
    0x080011ac   0x080011ac   0x00000080   Code   RO         3667    i.OLED_WR_Byte      oled.o
    0x0800122c   0x0800122c   0x00000002   Code   RO         3210    i.PendSV_Handler    stm32f10x_it.o
    0x0800122e   0x0800122e   0x00000002   PAD
    0x08001230   0x08001230   0x00000020   Code   RO         1720    i.RCC_APB1PeriphClockCmd  stm32f10x_rcc.o
    0x08001250   0x08001250   0x00000020   Code   RO         1721    i.RCC_APB1PeriphResetCmd  stm32f10x_rcc.o
    0x08001270   0x08001270   0x00000020   Code   RO         1722    i.RCC_APB2PeriphClockCmd  stm32f10x_rcc.o
    0x08001290   0x08001290   0x00000020   Code   RO         1723    i.RCC_APB2PeriphResetCmd  stm32f10x_rcc.o
    0x080012b0   0x080012b0   0x000000d4   Code   RO         1730    i.RCC_GetClocksFreq  stm32f10x_rcc.o
    0x08001384   0x08001384   0x00000090   Code   RO         3559    i.RGB_LED_Init      hal_rgb.o
    0x08001414   0x08001414   0x0000009c   Code   RO         3560    i.RGB_Power_Control  hal_rgb.o
    0x080014b0   0x080014b0   0x000000b4   Code   RO         3561    i.RGB_Value_Set     hal_rgb.o
    0x08001564   0x08001564   0x00000002   Code   RO         3211    i.SVC_Handler       stm32f10x_it.o
    0x08001566   0x08001566   0x00000008   Code   RO           17    i.SetSysClock       system_stm32f10x.o
    0x0800156e   0x0800156e   0x00000002   PAD
    0x08001570   0x08001570   0x000000e0   Code   RO           18    i.SetSysClockTo72   system_stm32f10x.o
    0x08001650   0x08001650   0x00000008   Code   RO         3212    i.SysTick_Handler   stm32f10x_it.o
    0x08001658   0x08001658   0x00000060   Code   RO           20    i.SystemInit        system_stm32f10x.o
    0x080016b8   0x080016b8   0x00000078   Code   RO         3602    i.TIM2_Count_Init   user_timer.o
    0x08001730   0x08001730   0x00000028   Code   RO         3603    i.TIM2_IRQHandler   user_timer.o
    0x08001758   0x08001758   0x00000080   Code   RO         3604    i.TIM3_Count_Init   user_timer.o
    0x080017d8   0x080017d8   0x00000054   Code   RO         3605    i.TIM3_IRQHandler   user_timer.o
    0x0800182c   0x0800182c   0x00000006   Code   RO         2348    i.TIM_ClearFlag     stm32f10x_tim.o
    0x08001832   0x08001832   0x00000006   Code   RO         2349    i.TIM_ClearITPendingBit  stm32f10x_tim.o
    0x08001838   0x08001838   0x00000018   Code   RO         2354    i.TIM_Cmd           stm32f10x_tim.o
    0x08001850   0x08001850   0x000001e8   Code   RO         2359    i.TIM_DeInit        stm32f10x_tim.o
    0x08001a38   0x08001a38   0x00000022   Code   RO         2375    i.TIM_GetITStatus   stm32f10x_tim.o
    0x08001a5a   0x08001a5a   0x00000012   Code   RO         2379    i.TIM_ITConfig      stm32f10x_tim.o
    0x08001a6c   0x08001a6c   0x000000a4   Code   RO         2425    i.TIM_TimeBaseInit  stm32f10x_tim.o
    0x08001b10   0x08001b10   0x0000001c   Code   RO         3457    i.USART1_IRQHandler  ty_uart.o
    0x08001b2c   0x08001b2c   0x000000cc   Code   RO         3458    i.USART1_Init       ty_uart.o
    0x08001bf8   0x08001bf8   0x00000024   Code   RO         3459    i.USART3_IRQHandler  ty_uart.o
    0x08001c1c   0x08001c1c   0x000000cc   Code   RO         3460    i.USART3_Init       ty_uart.o
    0x08001ce8   0x08001ce8   0x00000012   Code   RO         2886    i.USART_ClearFlag   stm32f10x_usart.o
    0x08001cfa   0x08001cfa   0x00000018   Code   RO         2890    i.USART_Cmd         stm32f10x_usart.o
    0x08001d12   0x08001d12   0x0000001a   Code   RO         2893    i.USART_GetFlagStatus  stm32f10x_usart.o
    0x08001d2c   0x08001d2c   0x00000054   Code   RO         2894    i.USART_GetITStatus  stm32f10x_usart.o
    0x08001d80   0x08001d80   0x0000004a   Code   RO         2896    i.USART_ITConfig    stm32f10x_usart.o
    0x08001dca   0x08001dca   0x00000002   PAD
    0x08001dcc   0x08001dcc   0x000000d8   Code   RO         2897    i.USART_Init        stm32f10x_usart.o
    0x08001ea4   0x08001ea4   0x0000000a   Code   RO         2904    i.USART_ReceiveData  stm32f10x_usart.o
    0x08001eae   0x08001eae   0x00000008   Code   RO         2907    i.USART_SendData    stm32f10x_usart.o
    0x08001eb6   0x08001eb6   0x00000002   PAD
    0x08001eb8   0x08001eb8   0x00000020   Code   RO         3461    i.Uart_PutChar      ty_uart.o
    0x08001ed8   0x08001ed8   0x00000004   Code   RO         3213    i.UsageFault_Handler  stm32f10x_it.o
    0x08001edc   0x08001edc   0x0000000e   Code   RO         4437    i._is_digit         c_w.l(__printf_wp.o)
    0x08001eea   0x08001eea   0x00000002   PAD
    0x08001eec   0x08001eec   0x00000028   Code   RO         4287    i.all_data_update   protocol.o
    0x08001f14   0x08001f14   0x000000e4   Code   RO         4329    i.data_handle       system_1.o
    0x08001ff8   0x08001ff8   0x0000004c   Code   RO         4330    i.data_point_handle  system_1.o
    0x08002044   0x08002044   0x0000001a   Code   RO         3308    i.delay_ms          delay.o
    0x0800205e   0x0800205e   0x00000002   PAD
    0x08002060   0x08002060   0x00000078   Code   RO         3310    i.delay_us          delay.o
    0x080020d8   0x080020d8   0x0000000a   Code   RO         4288    i.dp_download_handle  protocol.o
    0x080020e2   0x080020e2   0x0000001c   Code   RO         4331    i.get_check_sum     system_1.o
    0x080020fe   0x080020fe   0x00000002   PAD
    0x08002100   0x08002100   0x0000002c   Code   RO         4332    i.get_dowmload_dpid_index  system_1.o
    0x0800212c   0x0800212c   0x00000004   Code   RO         4289    i.get_download_cmd_total  protocol.o
    0x08002130   0x08002130   0x00000010   Code   RO         4333    i.get_mcu_wifi_mode  system_1.o
    0x08002140   0x08002140   0x00000038   Code   RO         4334    i.heat_beat_check   system_1.o
    0x08002178   0x08002178   0x0000006c   Code   RO         4105    i.hex_to_bcd        mcu_api.o
    0x080021e4   0x080021e4   0x00000108   Code   RO         3127    i.main              main.o
    0x080022ec   0x080022ec   0x00000078   Code   RO         4112    i.mcu_dp_value_update  mcu_api.o
    0x08002364   0x08002364   0x0000000c   Code   RO         4117    i.mcu_get_wifi_work_state  mcu_api.o
    0x08002370   0x08002370   0x00000018   Code   RO         4119    i.mcu_reset_wifi    mcu_api.o
    0x08002388   0x08002388   0x0000000e   Code   RO         4121    i.mcu_start_wifitest  mcu_api.o
    0x08002396   0x08002396   0x00000044   Code   RO         4122    i.my_memcpy         mcu_api.o
    0x080023da   0x080023da   0x0000001c   Code   RO         4126    i.my_strlen         mcu_api.o
    0x080023f6   0x080023f6   0x00000002   PAD
    0x080023f8   0x080023f8   0x000000e0   Code   RO         4335    i.product_info_update  system_1.o
    0x080024d8   0x080024d8   0x00000028   Code   RO         4336    i.set_wifi_uart_buffer  system_1.o
    0x08002500   0x08002500   0x00000010   Code   RO         4337    i.set_wifi_uart_byte  system_1.o
    0x08002510   0x08002510   0x0000003c   Code   RO         4338    i.take_byte_rxbuff  system_1.o
    0x0800254c   0x0800254c   0x00000018   Code   RO         3311    i.ticking_decrement  delay.o
    0x08002564   0x08002564   0x00000058   Code   RO         4128    i.uart_receive_input  mcu_api.o
    0x080025bc   0x080025bc   0x0000000c   Code   RO         4290    i.uart_transmit_output  protocol.o
    0x080025c8   0x080025c8   0x0000002c   Code   RO         4129    i.wifi_protocol_init  mcu_api.o
    0x080025f4   0x080025f4   0x00000008   Code   RO         4291    i.wifi_test_result  protocol.o
    0x080025fc   0x080025fc   0x000000f8   Code   RO         4130    i.wifi_uart_service  mcu_api.o
    0x080026f4   0x080026f4   0x00000024   Code   RO         4339    i.wifi_uart_write_data  system_1.o
    0x08002718   0x08002718   0x00000048   Code   RO         4340    i.wifi_uart_write_frame  system_1.o
    0x08002760   0x08002760   0x00000082   Code   RO         3128    i.wifi_work_state_led  main.o
    0x080027e2   0x080027e2   0x00000002   PAD
    0x080027e4   0x080027e4   0x0000001c   Code   RO         4341    i.with_data_rxbuff  system_1.o
    0x08002800   0x08002800   0x000017c0   Data   RO         3669    .constdata          oled.o
    0x08003fc0   0x08003fc0   0x00000004   Data   RO         4292    .constdata          protocol.o
    0x08003fc4   0x08003fc4   0x00000020   Data   RO         4650    Region$$Table       anon$$obj.o


    Execution Region RW_IRAM1 (Exec base: 0x20000000, Load base: 0x08003fe4, Size: 0x00000bd8, Max: 0x00005000, ABSOLUTE)

    Exec Addr    Load Addr    Size         Type   Attr      Idx    E Section Name        Object

    0x20000000   0x08003fe4   0x00000014   Data   RW         1750    .data               stm32f10x_rcc.o
    0x20000014   0x08003ff8   0x00000003   Data   RW         3130    .data               main.o
    0x20000017   0x08003ffb   0x00000001   PAD
    0x20000018   0x08003ffc   0x00000004   Data   RW         3312    .data               delay.o
    0x2000001c   0x08004000   0x00000001   Data   RW         3510    .data               hal_key.o
    0x2000001d   0x08004001   0x00000003   Data   RW         3562    .data               hal_rgb.o
    0x20000020   0x08004004   0x00000010   Data   RW         3606    .data               user_timer.o
    0x20000030   0x08004014   0x00000002   Data   RW         4131    .data               mcu_api.o
    0x20000032   0x08004016   0x00000002   PAD
    0x20000034   0x08004018   0x0000000d   Data   RW         4343    .data               system_1.o
    0x20000041   0x08004025   0x00000003   PAD
    0x20000044        -       0x00000024   Zero   RW         3129    .bss                main.o
    0x20000068        -       0x00000020   Zero   RW         3509    .bss                hal_key.o
    0x20000088        -       0x00000480   Zero   RW         3668    .bss                oled.o
    0x20000508        -       0x0000006d   Zero   RW         4342    .bss                system_1.o
    0x20000575   0x08004025   0x00000003   PAD
    0x20000578        -       0x00000060   Zero   RW         4524    .bss                c_w.l(libspace.o)
    0x200005d8        -       0x00000200   Zero   RW         3121    HEAP                startup_stm32f10x_hd.o
    0x200007d8        -       0x00000400   Zero   RW         3120    STACK               startup_stm32f10x_hd.o


==============================================================================

Image component sizes


      Code (inc. data)   RO Data    RW Data    ZI Data      Debug   Object Name

         0          0          0          0          0       4540   core_cm3.o
       170         20          0          4          0      16923   delay.o
       442         40          0          0          0       4681   dht11.o
       872         46          0          1         32       5065   hal_key.o
       728         60          0          3          0       3277   hal_rgb.o
       394         34          0          3         36       2928   main.o
       754         58          0          2          0       7313   mcu_api.o
       112         12          0          0          0     204284   misc.o
      1142         50       6080          0       1152       7334   oled.o
        74         10          4          0          0       3121   protocol.o
        64         26        304          0       1536        804   startup_stm32f10x_hd.o
       304          0          0          0          0       3472   stm32f10x_gpio.o
        34          0          0          0          0       4211   stm32f10x_it.o
       340         44          0         20          0       5320   stm32f10x_rcc.o
       740        106          0          0          0       4587   stm32f10x_tim.o
       460          6          0          0          0       6403   stm32f10x_usart.o
       924        146          0         13        109       9726   system_1.o
       328         28          0          0          0      45233   system_stm32f10x.o
       504         30          0          0          0       3099   ty_uart.o
       396         48          0         16          0       3614   user_timer.o

    ----------------------------------------------------------------------
      8810        764       6420         68       2868     345935   Object Totals
         0          0         32          0          0          0   (incl. Generated)
        28          0          0          6          3          0   (incl. Padding)

    ----------------------------------------------------------------------

      Code (inc. data)   RO Data    RW Data    ZI Data      Debug   Library Member Name

         8          0          0          0          0         68   __main.o
       284          0          0          0          0        156   __printf_wp.o
         0          0          0          0          0          0   __rtentry.o
        12          0          0          0          0          0   __rtentry2.o
         6          0          0          0          0          0   __rtentry4.o
        52          8          0          0          0          0   __scatter.o
        26          0          0          0          0          0   __scatter_copy.o
        28          0          0          0          0          0   __scatter_zi.o
        48          6          0          0          0         96   _printf_char_common.o
         6          0          0          0          0          0   _printf_d.o
       120         16          0          0          0         92   _printf_dec.o
       178          0          0          0          0         88   _printf_intcommon.o
        78          0          0          0          0        108   _printf_pad.o
         0          0          0          0          0          0   _printf_percent.o
         4          0          0          0          0          0   _printf_percent_end.o
        10          0          0          0          0         68   _sputc.o
        18          0          0          0          0         80   exit.o
         6          0          0          0          0        152   heapauxi.o
         0          0          0          0          0          0   indicate_semi.o
         2          0          0          0          0          0   libinit.o
         2          0          0          0          0          0   libinit2.o
         2          0          0          0          0          0   libshutdown.o
         2          0          0          0          0          0   libshutdown2.o
         8          4          0          0         96         68   libspace.o
        40          6          0          0          0         84   noretval__2sprintf.o
        78          0          0          0          0         80   rt_memclr_w.o
         2          0          0          0          0          0   rtexit.o
        10          0          0          0          0          0   rtexit2.o
        12          4          0          0          0         68   sys_exit.o
        74          0          0          0          0         80   sys_stackheap_outer.o
         2          0          0          0          0         68   use_no_semi.o

    ----------------------------------------------------------------------
      1126         44          0          0         96       1356   Library Totals
         8          0          0          0          0          0   (incl. Padding)

    ----------------------------------------------------------------------

      Code (inc. data)   RO Data    RW Data    ZI Data      Debug   Library Name

      1118         44          0          0         96       1356   c_w.l

    ----------------------------------------------------------------------
      1126         44          0          0         96       1356   Library Totals

    ----------------------------------------------------------------------

==============================================================================


      Code (inc. data)   RO Data    RW Data    ZI Data      Debug   

      9936        808       6420         68       2964     341047   Grand Totals
      9936        808       6420         68       2964     341047   ELF Image Totals
      9936        808       6420         68          0          0   ROM Totals

==============================================================================

    Total RO  Size (Code + RO Data)                16356 (  15.97kB)
    Total RW  Size (RW Data + ZI Data)              3032 (   2.96kB)
    Total ROM Size (Code + RO Data + RW Data)      16424 (  16.04kB)

==============================================================================

